Component: ARM Compiler 5.06 update 7 (build 960) Tool: armlink [4d3601]

==============================================================================

Section Cross References

    startup_stm32f407xx.o(RESET) refers to startup_stm32f407xx.o(STACK) for __initial_sp
    startup_stm32f407xx.o(RESET) refers to startup_stm32f407xx.o(.text) for Reset_Handler
    startup_stm32f407xx.o(RESET) refers to stm32f4xx_it.o(i.NMI_Handler) for NMI_Handler
    startup_stm32f407xx.o(RESET) refers to stm32f4xx_it.o(i.HardFault_Handler) for HardFault_Handler
    startup_stm32f407xx.o(RESET) refers to stm32f4xx_it.o(i.MemManage_Handler) for MemManage_Handler
    startup_stm32f407xx.o(RESET) refers to stm32f4xx_it.o(i.BusFault_Handler) for BusFault_Handler
    startup_stm32f407xx.o(RESET) refers to stm32f4xx_it.o(i.UsageFault_Handler) for UsageFault_Handler
    startup_stm32f407xx.o(RESET) refers to port.o(.emb_text) for SVC_Handler
    startup_stm32f407xx.o(RESET) refers to stm32f4xx_it.o(i.DebugMon_Handler) for DebugMon_Handler
    startup_stm32f407xx.o(RESET) refers to stm32f4xx_it.o(i.SysTick_Handler) for SysTick_Handler
    startup_stm32f407xx.o(RESET) refers to usart.o(i.USART1_IRQHandler) for USART1_IRQHandler
    startup_stm32f407xx.o(.text) refers to system_stm32f4xx.o(i.SystemInit) for SystemInit
    startup_stm32f407xx.o(.text) refers to entry.o(.ARM.Collect$$$$00000000) for __main
    system_stm32f4xx.o(i.SystemCoreClockUpdate) refers to system_stm32f4xx.o(.data) for .data
    system_stm32f4xx.o(i.SystemCoreClockUpdate) refers to system_stm32f4xx.o(.constdata) for .constdata
    stm32f4xx_hal.o(i.HAL_DeInit) refers to stm32f4xx_hal.o(i.HAL_MspDeInit) for HAL_MspDeInit
    stm32f4xx_hal.o(i.HAL_Delay) refers to stm32f4xx_hal.o(i.HAL_GetTick) for HAL_GetTick
    stm32f4xx_hal.o(i.HAL_Delay) refers to stm32f4xx_hal.o(.data) for .data
    stm32f4xx_hal.o(i.HAL_GetTick) refers to stm32f4xx_hal.o(.data) for .data
    stm32f4xx_hal.o(i.HAL_GetTickFreq) refers to stm32f4xx_hal.o(.data) for .data
    stm32f4xx_hal.o(i.HAL_GetTickPrio) refers to stm32f4xx_hal.o(.data) for .data
    stm32f4xx_hal.o(i.HAL_IncTick) refers to stm32f4xx_hal.o(.data) for .data
    stm32f4xx_hal.o(i.HAL_Init) refers to stm32f4xx_hal_cortex.o(i.HAL_NVIC_SetPriorityGrouping) for HAL_NVIC_SetPriorityGrouping
    stm32f4xx_hal.o(i.HAL_Init) refers to stm32f4xx_hal.o(i.HAL_InitTick) for HAL_InitTick
    stm32f4xx_hal.o(i.HAL_Init) refers to stm32f4xx_hal.o(i.HAL_MspInit) for HAL_MspInit
    stm32f4xx_hal.o(i.HAL_InitTick) refers to stm32f4xx_hal_cortex.o(i.HAL_SYSTICK_Config) for HAL_SYSTICK_Config
    stm32f4xx_hal.o(i.HAL_InitTick) refers to stm32f4xx_hal_cortex.o(i.HAL_NVIC_SetPriority) for HAL_NVIC_SetPriority
    stm32f4xx_hal.o(i.HAL_InitTick) refers to stm32f4xx_hal.o(.data) for .data
    stm32f4xx_hal.o(i.HAL_InitTick) refers to system_stm32f4xx.o(.data) for SystemCoreClock
    stm32f4xx_hal.o(i.HAL_SetTickFreq) refers to stm32f4xx_hal.o(i.HAL_InitTick) for HAL_InitTick
    stm32f4xx_hal.o(i.HAL_SetTickFreq) refers to stm32f4xx_hal.o(.data) for .data
    stm32f4xx_hal_adc.o(i.ADC_DMAConvCplt) refers to stm32f4xx_hal_adc.o(i.HAL_ADC_ErrorCallback) for HAL_ADC_ErrorCallback
    stm32f4xx_hal_adc.o(i.ADC_DMAConvCplt) refers to stm32f4xx_hal_adc.o(i.HAL_ADC_ConvCpltCallback) for HAL_ADC_ConvCpltCallback
    stm32f4xx_hal_adc.o(i.ADC_DMAError) refers to stm32f4xx_hal_adc.o(i.HAL_ADC_ErrorCallback) for HAL_ADC_ErrorCallback
    stm32f4xx_hal_adc.o(i.ADC_DMAHalfConvCplt) refers to stm32f4xx_hal_adc.o(i.HAL_ADC_ConvHalfCpltCallback) for HAL_ADC_ConvHalfCpltCallback
    stm32f4xx_hal_adc.o(i.HAL_ADC_ConfigChannel) refers to system_stm32f4xx.o(.data) for SystemCoreClock
    stm32f4xx_hal_adc.o(i.HAL_ADC_DeInit) refers to stm32f4xx_hal_adc.o(i.HAL_ADC_MspDeInit) for HAL_ADC_MspDeInit
    stm32f4xx_hal_adc.o(i.HAL_ADC_IRQHandler) refers to stm32f4xx_hal_adc.o(i.HAL_ADC_ConvCpltCallback) for HAL_ADC_ConvCpltCallback
    stm32f4xx_hal_adc.o(i.HAL_ADC_IRQHandler) refers to stm32f4xx_hal_adc_ex.o(i.HAL_ADCEx_InjectedConvCpltCallback) for HAL_ADCEx_InjectedConvCpltCallback
    stm32f4xx_hal_adc.o(i.HAL_ADC_IRQHandler) refers to stm32f4xx_hal_adc.o(i.HAL_ADC_LevelOutOfWindowCallback) for HAL_ADC_LevelOutOfWindowCallback
    stm32f4xx_hal_adc.o(i.HAL_ADC_IRQHandler) refers to stm32f4xx_hal_adc.o(i.HAL_ADC_ErrorCallback) for HAL_ADC_ErrorCallback
    stm32f4xx_hal_adc.o(i.HAL_ADC_Init) refers to stm32f4xx_hal_adc.o(i.HAL_ADC_MspInit) for HAL_ADC_MspInit
    stm32f4xx_hal_adc.o(i.HAL_ADC_Init) refers to stm32f4xx_hal_adc.o(i.ADC_Init) for ADC_Init
    stm32f4xx_hal_adc.o(i.HAL_ADC_PollForConversion) refers to stm32f4xx_hal.o(i.HAL_GetTick) for HAL_GetTick
    stm32f4xx_hal_adc.o(i.HAL_ADC_PollForEvent) refers to stm32f4xx_hal.o(i.HAL_GetTick) for HAL_GetTick
    stm32f4xx_hal_adc.o(i.HAL_ADC_Start) refers to system_stm32f4xx.o(.data) for SystemCoreClock
[...]
    ..\Libraries\STM32F4xx_HAL_Driver\Src\stm32f4xx_hal_rcc.c 0x00000000   Number         0  stm32f4xx_hal_rcc.o ABSOLUTE
    ..\Libraries\STM32F4xx_HAL_Driver\Src\stm32f4xx_hal_rcc_ex.c 0x00000000   Number         0  stm32f4xx_hal_rcc_ex.o ABSOLUTE
    ..\Libraries\STM32F4xx_HAL_Driver\Src\stm32f4xx_hal_rng.c 0x00000000   Number         0  stm32f4xx_hal_rng.o ABSOLUTE
    ..\Libraries\STM32F4xx_HAL_Driver\Src\stm32f4xx_hal_rtc.c 0x00000000   Number         0  stm32f4xx_hal_rtc.o ABSOLUTE
    ..\Libraries\STM32F4xx_HAL_Driver\Src\stm32f4xx_hal_rtc_ex.c 0x00000000   Number         0  stm32f4xx_hal_rtc_ex.o ABSOLUTE
    ..\Libraries\STM32F4xx_HAL_Driver\Src\stm32f4xx_hal_sai.c 0x00000000   Number         0  stm32f4xx_hal_sai.o ABSOLUTE
    ..\Libraries\STM32F4xx_HAL_Driver\Src\stm32f4xx_hal_sai_ex.c 0x00000000   Number         0  stm32f4xx_hal_sai_ex.o ABSOLUTE
    ..\Libraries\STM32F4xx_HAL_Driver\Src\stm32f4xx_hal_sd.c 0x00000000   Number         0  stm32f4xx_hal_sd.o ABSOLUTE
    ..\Libraries\STM32F4xx_HAL_Driver\Src\stm32f4xx_hal_sdram.c 0x00000000   Number         0  stm32f4xx_hal_sdram.o ABSOLUTE
    ..\Libraries\STM32F4xx_HAL_Driver\Src\stm32f4xx_hal_smartcard.c 0x00000000   Number         0  stm32f4xx_hal_smartcard.o ABSOLUTE
    ..\Libraries\STM32F4xx_HAL_Driver\Src\stm32f4xx_hal_smbus.c 0x00000000   Number         0  stm32f4xx_hal_smbus.o ABSOLUTE
    ..\Libraries\STM32F4xx_HAL_Driver\Src\stm32f4xx_hal_spdifrx.c 0x00000000   Number         0  stm32f4xx_hal_spdifrx.o ABSOLUTE
    ..\Libraries\STM32F4xx_HAL_Driver\Src\stm32f4xx_hal_spi.c 0x00000000   Number         0  stm32f4xx_hal_spi.o ABSOLUTE
    ..\Libraries\STM32F4xx_HAL_Driver\Src\stm32f4xx_hal_sram.c 0x00000000   Number         0  stm32f4xx_hal_sram.o ABSOLUTE
    ..\Libraries\STM32F4xx_HAL_Driver\Src\stm32f4xx_hal_tim.c 0x00000000   Number         0  stm32f4xx_hal_tim.o ABSOLUTE
    ..\Libraries\STM32F4xx_HAL_Driver\Src\stm32f4xx_hal_tim_ex.c 0x00000000   Number         0  stm32f4xx_hal_tim_ex.o ABSOLUTE
    ..\Libraries\STM32F4xx_HAL_Driver\Src\stm32f4xx_hal_uart.c 0x00000000   Number         0  stm32f4xx_hal_uart.o ABSOLUTE
    ..\Libraries\STM32F4xx_HAL_Driver\Src\stm32f4xx_hal_usart.c 0x00000000   Number         0  stm32f4xx_hal_usart.o ABSOLUTE
    ..\Libraries\STM32F4xx_HAL_Driver\Src\stm32f4xx_hal_wwdg.c 0x00000000   Number         0  stm32f4xx_hal_wwdg.o ABSOLUTE
    ..\Libraries\STM32F4xx_HAL_Driver\Src\stm32f4xx_ll_adc.c 0x00000000   Number         0  stm32f4xx_ll_adc.o ABSOLUTE
    ..\Libraries\STM32F4xx_HAL_Driver\Src\stm32f4xx_ll_crc.c 0x00000000   Number         0  stm32f4xx_ll_crc.o ABSOLUTE
    ..\Libraries\STM32F4xx_HAL_Driver\Src\stm32f4xx_ll_dac.c 0x00000000   Number         0  stm32f4xx_ll_dac.o ABSOLUTE
    ..\Libraries\STM32F4xx_HAL_Driver\Src\stm32f4xx_ll_dma.c 0x00000000   Number         0  stm32f4xx_ll_dma.o ABSOLUTE
    ..\Libraries\STM32F4xx_HAL_Driver\Src\stm32f4xx_ll_dma2d.c 0x00000000   Number         0  stm32f4xx_ll_dma2d.o ABSOLUTE
    ..\Libraries\STM32F4xx_HAL_Driver\Src\stm32f4xx_ll_exti.c 0x00000000   Number         0  stm32f4xx_ll_exti.o ABSOLUTE
    ..\Libraries\STM32F4xx_HAL_Driver\Src\stm32f4xx_ll_fmc.c 0x00000000   Number         0  stm32f4xx_ll_fmc.o ABSOLUTE
    ..\Libraries\STM32F4xx_HAL_Driver\Src\stm32f4xx_ll_fmpi2c.c 0x00000000   Number         0  stm32f4xx_ll_fmpi2c.o ABSOLUTE
    ..\Libraries\STM32F4xx_HAL_Driver\Src\stm32f4xx_ll_fsmc.c 0x00000000   Number         0  stm32f4xx_ll_fsmc.o ABSOLUTE
    ..\Libraries\STM32F4xx_HAL_Driver\Src\stm32f4xx_ll_gpio.c 0x00000000   Number         0  stm32f4xx_ll_gpio.o ABSOLUTE
    ..\Libraries\STM32F4xx_HAL_Driver\Src\stm32f4xx_ll_i2c.c 0x00000000   Number         0  stm32f4xx_ll_i2c.o ABSOLUTE
    ..\Libraries\STM32F4xx_HAL_Driver\Src\stm32f4xx_ll_lptim.c 0x00000000   Number         0  stm32f4xx_ll_lptim.o ABSOLUTE
    ..\Libraries\STM32F4xx_HAL_Driver\Src\stm32f4xx_ll_pwr.c 0x00000000   Number         0  stm32f4xx_ll_pwr.o ABSOLUTE
    ..\Libraries\STM32F4xx_HAL_Driver\Src\stm32f4xx_ll_rcc.c 0x00000000   Number         0  stm32f4xx_ll_rcc.o ABSOLUTE
    ..\Libraries\STM32F4xx_HAL_Driver\Src\stm32f4xx_ll_rng.c 0x00000000   Number         0  stm32f4xx_ll_rng.o ABSOLUTE
    ..\Libraries\STM32F4xx_HAL_Driver\Src\stm32f4xx_ll_rtc.c 0x00000000   Number         0  stm32f4xx_ll_rtc.o ABSOLUTE
    ..\Libraries\STM32F4xx_HAL_Driver\Src\stm32f4xx_ll_sdmmc.c 0x00000000   Number         0  stm32f4xx_ll_sdmmc.o ABSOLUTE
    ..\Libraries\STM32F4xx_HAL_Driver\Src\stm32f4xx_ll_spi.c 0x00000000   Number         0  stm32f4xx_ll_spi.o ABSOLUTE
    ..\Libraries\STM32F4xx_HAL_Driver\Src\stm32f4xx_ll_tim.c 0x00000000   Number         0  stm32f4xx_ll_tim.o ABSOLUTE
    ..\Libraries\STM32F4xx_HAL_Driver\Src\stm32f4xx_ll_usart.c 0x00000000   Number         0  stm32f4xx_ll_usart.o ABSOLUTE
    ..\Libraries\STM32F4xx_HAL_Driver\Src\stm32f4xx_ll_usb.c 0x00000000   Number         0  stm32f4xx_ll_usb.o ABSOLUTE
    ..\Libraries\STM32F4xx_HAL_Driver\Src\stm32f4xx_ll_utils.c 0x00000000   Number         0  stm32f4xx_ll_utils.o ABSOLUTE
    ..\User\Task\src\task_init.c             0x00000000   Number         0  task_init.o ABSOLUTE
    ..\User\Task\src\task_uart.c             0x00000000   Number         0  task_uart.o ABSOLUTE
    ..\User\Task\src\xtimer.c                0x00000000   Number         0  xtimer.o ABSOLUTE
    ..\User\main.c                           0x00000000   Number         0  main.o ABSOLUTE
    ..\User\stm32f4xx_it.c                   0x00000000   Number         0  stm32f4xx_it.o ABSOLUTE
    ..\\Drivers\\src\\delay.c                0x00000000   Number         0  delay.o ABSOLUTE
    ..\\Drivers\\src\\gpio.c                 0x00000000   Number         0  gpio.o ABSOLUTE
    ..\\Drivers\\src\\usart.c                0x00000000   Number         0  usart.o ABSOLUTE
    ..\\Libraries\\CMSIS\\Device\\ST\\STM32F4xx\\Source\\Templates\\system_stm32f4xx.c 0x00000000   Number         0  system_stm32f4xx.o ABSOLUTE
    ..\\Libraries\\FreeRTOS\\croutine.c      0x00000000   Number         0  croutine.o ABSOLUTE
    ..\\Libraries\\FreeRTOS\\event_groups.c  0x00000000   Number         0  event_groups.o ABSOLUTE
    ..\\Libraries\\FreeRTOS\\list.c          0x00000000   Number         0  list.o ABSOLUTE
    ..\\Libraries\\FreeRTOS\\portable\\MemMang\\heap_4.c 0x00000000   Number         0  heap_4.o ABSOLUTE
    ..\\Libraries\\FreeRTOS\\portable\\RVDS\\ARM_CM4F\\port.c 0x00000000   Number         0  port.o ABSOLUTE
    ..\\Libraries\\FreeRTOS\\queue.c         0x00000000   Number         0  queue.o ABSOLUTE
    ..\\Libraries\\FreeRTOS\\stream_buffer.c 0x00000000   Number         0  stream_buffer.o ABSOLUTE
    ..\\Libraries\\FreeRTOS\\tasks.c         0x00000000   Number         0  tasks.o ABSOLUTE
    ..\\Libraries\\FreeRTOS\\timers.c        0x00000000   Number         0  timers.o ABSOLUTE
    ..\\Libraries\\STM32F4xx_HAL_Driver\\Src\\stm32f4xx_hal.c 0x00000000   Number         0  stm32f4xx_hal.o ABSOLUTE
    ..\\Libraries\\STM32F4xx_HAL_Driver\\Src\\stm32f4xx_hal_adc.c 0x00000000   Number         0  stm32f4xx_hal_adc.o ABSOLUTE
    ..\\Libraries\\STM32F4xx_HAL_Driver\\Src\\stm32f4xx_hal_adc_ex.c 0x00000000   Number         0  stm32f4xx_hal_adc_ex.o ABSOLUTE
    ..\\Libraries\\STM32F4xx_HAL_Driver\\Src\\stm32f4xx_hal_can.c 0x00000000   Number         0  stm32f4xx_hal_can.o ABSOLUTE
    ..\\Libraries\\STM32F4xx_HAL_Driver\\Src\\stm32f4xx_hal_cec.c 0x00000000   Number         0  stm32f4xx_hal_cec.o ABSOLUTE
    ..\\Libraries\\STM32F4xx_HAL_Driver\\Src\\stm32f4xx_hal_cortex.c 0x00000000   Number         0  stm32f4xx_hal_cortex.o ABSOLUTE
    ..\\Libraries\\STM32F4xx_HAL_Driver\\Src\\stm32f4xx_hal_crc.c 0x00000000   Number         0  stm32f4xx_hal_crc.o ABSOLUTE
    ..\\Libraries\\STM32F4xx_HAL_Driver\\Src\\stm32f4xx_hal_cryp.c 0x00000000   Number         0  stm32f4xx_hal_cryp.o ABSOLUTE
    ..\\Libraries\\STM32F4xx_HAL_Driver\\Src\\stm32f4xx_hal_cryp_ex.c 0x00000000   Number         0  stm32f4xx_hal_cryp_ex.o ABSOLUTE
    ..\\Libraries\\STM32F4xx_HAL_Driver\\Src\\stm32f4xx_hal_dac.c 0x00000000   Number         0  stm32f4xx_hal_dac.o ABSOLUTE
    ..\\Libraries\\STM32F4xx_HAL_Driver\\Src\\stm32f4xx_hal_dac_ex.c 0x00000000   Number         0  stm32f4xx_hal_dac_ex.o ABSOLUTE
    ..\\Libraries\\STM32F4xx_HAL_Driver\\Src\\stm32f4xx_hal_dcmi.c 0x00000000   Number         0  stm32f4xx_hal_dcmi.o ABSOLUTE
    ..\\Libraries\\STM32F4xx_HAL_Driver\\Src\\stm32f4xx_hal_dcmi_ex.c 0x00000000   Number         0  stm32f4xx_hal_dcmi_ex.o ABSOLUTE
    ..\\Libraries\\STM32F4xx_HAL_Driver\\Src\\stm32f4xx_hal_dfsdm.c 0x00000000   Number         0  stm32f4xx_hal_dfsdm.o ABSOLUTE
    ..\\Libraries\\STM32F4xx_HAL_Driver\\Src\\stm32f4xx_hal_dma.c 0x00000000   Number         0  stm32f4xx_hal_dma.o ABSOLUTE
    ..\\Libraries\\STM32F4xx_HAL_Driver\\Src\\stm32f4xx_hal_dma2d.c 0x00000000   Number         0  stm32f4xx_hal_dma2d.o ABSOLUTE
    ..\\Libraries\\STM32F4xx_HAL_Driver\\Src\\stm32f4xx_hal_dma_ex.c 0x00000000   Number         0  stm32f4xx_hal_dma_ex.o ABSOLUTE
    ..\\Libraries\\STM32F4xx_HAL_Driver\\Src\\stm32f4xx_hal_dsi.c 0x00000000   Number         0  stm32f4xx_hal_dsi.o ABSOLUTE
    ..\\Libraries\\STM32F4xx_HAL_Driver\\Src\\stm32f4xx_hal_eth.c 0x00000000   Number         0  stm32f4xx_hal_eth.o ABSOLUTE
    ..\\Libraries\\STM32F4xx_HAL_Driver\\Src\\stm32f4xx_hal_exti.c 0x00000000   Number         0  stm32f4xx_hal_exti.o ABSOLUTE
    ..\\Libraries\\STM32F4xx_HAL_Driver\\Src\\stm32f4xx_hal_flash.c 0x00000000   Number         0  stm32f4xx_hal_flash.o ABSOLUTE
    ..\\Libraries\\STM32F4xx_HAL_Driver\\Src\\stm32f4xx_hal_flash_ex.c 0x00000000   Number         0  stm32f4xx_hal_flash_ex.o ABSOLUTE
    ..\\Libraries\\STM32F4xx_HAL_Driver\\Src\\stm32f4xx_hal_flash_ramfunc.c 0x00000000   Number         0  stm32f4xx_hal_flash_ramfunc.o ABSOLUTE
    ..\\Libraries\\STM32F4xx_HAL_Driver\\Src\\stm32f4xx_hal_fmpi2c.c 0x00000000   Number         0  stm32f4xx_hal_fmpi2c.o ABSOLUTE
    ..\\Libraries\\STM32F4xx_HAL_Driver\\Src\\stm32f4xx_hal_fmpi2c_ex.c 0x00000000   Number         0  stm32f4xx_hal_fmpi2c_ex.o ABSOLUTE
    ..\\Libraries\\STM32F4xx_HAL_Driver\\Src\\stm32f4xx_hal_fmpsmbus.c 0x00000000   Number         0  stm32f4xx_hal_fmpsmbus.o ABSOLUTE
    ..\\Libraries\\STM32F4xx_HAL_Driver\\Src\\stm32f4xx_hal_fmpsmbus_ex.c 0x00000000   Number         0  stm32f4xx_hal_fmpsmbus_ex.o ABSOLUTE
    ..\\Libraries\\STM32F4xx_HAL_Driver\\Src\\stm32f4xx_hal_gpio.c 0x00000000   Number         0  stm32f4xx_hal_gpio.o ABSOLUTE
    ..\\Libraries\\STM32F4xx_HAL_Driver\\Src\\stm32f4xx_hal_hash.c 0x00000000   Number         0  stm32f4xx_hal_hash.o ABSOLUTE
    ..\\Libraries\\STM32F4xx_HAL_Driver\\Src\\stm32f4xx_hal_hash_ex.c 0x00000000   Number         0  stm32f4xx_hal_hash_ex.o ABSOLUTE
    ..\\Libraries\\STM32F4xx_HAL_Driver\\Src\\stm32f4xx_hal_hcd.c 0x00000000   Number         0  stm32f4xx_hal_hcd.o ABSOLUTE
    ..\\Libraries\\STM32F4xx_HAL_Driver\\Src\\stm32f4xx_hal_i2c.c 0x00000000   Number         0  stm32f4xx_hal_i2c.o ABSOLUTE
    ..\\Libraries\\STM32F4xx_HAL_Driver\\Src\\stm32f4xx_hal_i2c_ex.c 0x00000000   Number         0  stm32f4xx_hal_i2c_ex.o ABSOLUTE
    ..\\Libraries\\STM32F4xx_HAL_Driver\\Src\\stm32f4xx_hal_i2s.c 0x00000000   Number         0  stm32f4xx_hal_i2s.o ABSOLUTE
    ..\\Libraries\\STM32F4xx_HAL_Driver\\Src\\stm32f4xx_hal_i2s_ex.c 0x00000000   Number         0  stm32f4xx_hal_i2s_ex.o ABSOLUTE
    ..\\Libraries\\STM32F4xx_HAL_Driver\\Src\\stm32f4xx_hal_irda.c 0x00000000   Number         0  stm32f4xx_hal_irda.o ABSOLUTE
    ..\\Libraries\\STM32F4xx_HAL_Driver\\Src\\stm32f4xx_hal_iwdg.c 0x00000000   Number         0  stm32f4xx_hal_iwdg.o ABSOLUTE
    ..\\Libraries\\STM32F4xx_HAL_Driver\\Src\\stm32f4xx_hal_lptim.c 0x00000000   Number         0  stm32f4xx_hal_lptim.o ABSOLUTE
    ..\\Libraries\\STM32F4xx_HAL_Driver\\Src\\stm32f4xx_hal_ltdc.c 0x00000000   Number         0  stm32f4xx_hal_ltdc.o ABSOLUTE
    ..\\Libraries\\STM32F4xx_HAL_Driver\\Src\\stm32f4xx_hal_ltdc_ex.c 0x00000000   Number         0  stm32f4xx_hal_ltdc_ex.o ABSOLUTE
    ..\\Libraries\\STM32F4xx_HAL_Driver\\Src\\stm32f4xx_hal_mmc.c 0x00000000   Number         0  stm32f4xx_hal_mmc.o ABSOLUTE
    ..\\Libraries\\STM32F4xx_HAL_Driver\\Src\\stm32f4xx_hal_nand.c 0x00000000   Number         0  stm32f4xx_hal_nand.o ABSOLUTE
    ..\\Libraries\\STM32F4xx_HAL_Driver\\Src\\stm32f4xx_hal_nor.c 0x00000000   Number         0  stm32f4xx_hal_nor.o ABSOLUTE
    ..\\Libraries\\STM32F4xx_HAL_Driver\\Src\\stm32f4xx_hal_pccard.c 0x00000000   Number         0  stm32f4xx_hal_pccard.o ABSOLUTE
    ..\\Libraries\\STM32F4xx_HAL_Driver\\Src\\stm32f4xx_hal_pcd.c 0x00000000   Number         0  stm32f4xx_hal_pcd.o ABSOLUTE
    ..\\Libraries\\STM32F4xx_HAL_Driver\\Src\\stm32f4xx_hal_pcd_ex.c 0x00000000   Number         0  stm32f4xx_hal_pcd_ex.o ABSOLUTE
    ..\\Libraries\\STM32F4xx_HAL_Driver\\Src\\stm32f4xx_hal_pwr.c 0x00000000   Number         0  stm32f4xx_hal_pwr.o ABSOLUTE
    ..\\Libraries\\STM32F4xx_HAL_Driver\\Src\\stm32f4xx_hal_pwr_ex.c 0x00000000   Number         0  stm32f4xx_hal_pwr_ex.o ABSOLUTE
    ..\\Libraries\\STM32F4xx_HAL_Driver\\Src\\stm32f4xx_hal_qspi.c 0x00000000   Number         0  stm32f4xx_hal_qspi.o ABSOLUTE
    ..\\Libraries\\STM32F4xx_HAL_Driver\\Src\\stm32f4xx_hal_rcc.c 0x00000000   Number         0  stm32f4xx_hal_rcc.o ABSOLUTE
    ..\\Libraries\\STM32F4xx_HAL_Driver\\Src\\stm32f4xx_hal_rcc_ex.c 0x00000000   Number         0  stm32f4xx_hal_rcc_ex.o ABSOLUTE
    ..\\Libraries\\STM32F4xx_HAL_Driver\\Src\\stm32f4xx_hal_rng.c 0x00000000   Number         0  stm32f4xx_hal_rng.o ABSOLUTE
    ..\\Libraries\\STM32F4xx_HAL_Driver\\Src\\stm32f4xx_hal_rtc.c 0x00000000   Number         0  stm32f4xx_hal_rtc.o ABSOLUTE
    ..\\Libraries\\STM32F4xx_HAL_Driver\\Src\\stm32f4xx_hal_rtc_ex.c 0x00000000   Number         0  stm32f4xx_hal_rtc_ex.o ABSOLUTE
    ..\\Libraries\\STM32F4xx_HAL_Driver\\Src\\stm32f4xx_hal_sai.c 0x00000000   Number         0  stm32f4xx_hal_sai.o ABSOLUTE
    ..\\Libraries\\STM32F4xx_HAL_Driver\\Src\\stm32f4xx_hal_sai_ex.c 0x00000000   Number         0  stm32f4xx_hal_sai_ex.o ABSOLUTE
    ..\\Libraries\\STM32F4xx_HAL_Driver\\Src\\stm32f4xx_hal_sd.c 0x00000000   Number         0  stm32f4xx_hal_sd.o ABSOLUTE
    ..\\Libraries\\STM32F4xx_HAL_Driver\\Src\\stm32f4xx_hal_sdram.c 0x00000000   Number         0  stm32f4xx_hal_sdram.o ABSOLUTE
    ..\\Libraries\\STM32F4xx_HAL_Driver\\Src\\stm32f4xx_hal_smartcard.c 0x00000000   Number         0  stm32f4xx_hal_smartcard.o ABSOLUTE
    ..\\Libraries\\STM32F4xx_HAL_Driver\\Src\\stm32f4xx_hal_smbus.c 0x00000000   Number         0  stm32f4xx_hal_smbus.o ABSOLUTE
    ..\\Libraries\\STM32F4xx_HAL_Driver\\Src\\stm32f4xx_hal_spdifrx.c 0x00000000   Number         0  stm32f4xx_hal_spdifrx.o ABSOLUTE
    ..\\Libraries\\STM32F4xx_HAL_Driver\\Src\\stm32f4xx_hal_spi.c 0x00000000   Number         0  stm32f4xx_hal_spi.o ABSOLUTE
    ..\\Libraries\\STM32F4xx_HAL_Driver\\Src\\stm32f4xx_hal_sram.c 0x00000000   Number         0  stm32f4xx_hal_sram.o ABSOLUTE
    ..\\Libraries\\STM32F4xx_HAL_Driver\\Src\\stm32f4xx_hal_tim.c 0x00000000   Number         0  stm32f4xx_hal_tim.o ABSOLUTE
    ..\\Libraries\\STM32F4xx_HAL_Driver\\Src\\stm32f4xx_hal_tim_ex.c 0x00000000   Number         0  stm32f4xx_hal_tim_ex.o ABSOLUTE
    ..\\Libraries\\STM32F4xx_HAL_Driver\\Src\\stm32f4xx_hal_uart.c 0x00000000   Number         0  stm32f4xx_hal_uart.o ABSOLUTE
    ..\\Libraries\\STM32F4xx_HAL_Driver\\Src\\stm32f4xx_hal_usart.c 0x00000000   Number         0  stm32f4xx_hal_usart.o ABSOLUTE
    ..\\Libraries\\STM32F4xx_HAL_Driver\\Src\\stm32f4xx_hal_wwdg.c 0x00000000   Number         0  stm32f4xx_hal_wwdg.o ABSOLUTE
    ..\\Libraries\\STM32F4xx_HAL_Driver\\Src\\stm32f4xx_ll_fmc.c 0x00000000   Number         0  stm32f4xx_ll_fmc.o ABSOLUTE
    ..\\Libraries\\STM32F4xx_HAL_Driver\\Src\\stm32f4xx_ll_fsmc.c 0x00000000   Number         0  stm32f4xx_ll_fsmc.o ABSOLUTE
    ..\\Libraries\\STM32F4xx_HAL_Driver\\Src\\stm32f4xx_ll_sdmmc.c 0x00000000   Number         0  stm32f4xx_ll_sdmmc.o ABSOLUTE
    ..\\Libraries\\STM32F4xx_HAL_Driver\\Src\\stm32f4xx_ll_usb.c 0x00000000   Number         0  stm32f4xx_ll_usb.o ABSOLUTE
    ..\\Libraries\\STM32F4xx_HAL_Driver\\Src\\stm32f4xx_ll_utils.c 0x00000000   Number         0  stm32f4xx_ll_utils.o ABSOLUTE
    ..\\User\\Task\\src\\task_init.c         0x00000000   Number         0  task_init.o ABSOLUTE
    ..\\User\\Task\\src\\task_uart.c         0x00000000   Number         0  task_uart.o ABSOLUTE
    ..\\User\\Task\\src\\xtimer.c            0x00000000   Number         0  xtimer.o ABSOLUTE
    ..\\User\\main.c                         0x00000000   Number         0  main.o ABSOLUTE
    ..\\User\\stm32f4xx_it.c                 0x00000000   Number         0  stm32f4xx_it.o ABSOLUTE
    cdrcmple.s                               0x00000000   Number         0  cdrcmple.o ABSOLUTE
    dc.s                                     0x00000000   Number         0  dc.o ABSOLUTE
    handlers.s                               0x00000000   Number         0  handlers.o ABSOLUTE
    init.s                                   0x00000000   Number         0  init.o ABSOLUTE
    RESET                                    0x08000000   Section      392  startup_stm32f407xx.o(RESET)
    .ARM.Collect$$$$00000000                 0x08000188   Section        0  entry.o(.ARM.Collect$$$$00000000)
    .ARM.Collect$$$$00000001                 0x08000188   Section        4  entry2.o(.ARM.Collect$$$$00000001)
    .ARM.Collect$$$$00000004                 0x0800018c   Section        4  entry5.o(.ARM.Collect$$$$00000004)
    .ARM.Collect$$$$00000008                 0x08000190   Section        0  entry7b.o(.ARM.Collect$$$$00000008)
    .ARM.Collect$$$$0000000A                 0x08000190   Section        0  entry8b.o(.ARM.Collect$$$$0000000A)
    .ARM.Collect$$$$0000000B                 0x08000190   Section        8  entry9a.o(.ARM.Collect$$$$0000000B)
    .ARM.Collect$$$$0000000E                 0x08000198   Section        4  entry12b.o(.ARM.Collect$$$$0000000E)
    .ARM.Collect$$$$0000000F                 0x0800019c   Section        0  entry10a.o(.ARM.Collect$$$$0000000F)
    .ARM.Collect$$$$00000011                 0x0800019c   Section        0  entry11a.o(.ARM.Collect$$$$00000011)
    .ARM.Collect$$$$00002712                 0x0800019c   Section        4  entry2.o(.ARM.Collect$$$$00002712)
    __lit__00000000                          0x0800019c   Data           4  entry2.o(.ARM.Collect$$$$00002712)
    .emb_text                                0x080001a0   Section      190  port.o(.emb_text)
    $v0                                      0x080001a0   Number         0  port.o(.emb_text)
    .text                                    0x08000260   Section       36  startup_stm32f407xx.o(.text)
    $v0                                      0x08000260   Number         0  startup_stm32f407xx.o(.text)
    .text                                    0x08000284   Section        0  uldiv.o(.text)
    .text                                    0x080002e6   Section        0  memcpya.o(.text)
    .text                                    0x0800030a   Section        0  memseta.o(.text)
    .text                                    0x0800032e   Section        0  strlen.o(.text)
    .text                                    0x0800033c   Section        0  uidiv.o(.text)
    .text                                    0x08000368   Section        0  llshl.o(.text)
    .text                                    0x08000386   Section        0  llushr.o(.text)
    .text                                    0x080003a6   Section        0  dadd.o(.text)
    .text                                    0x080003a6   Section        0  iusefp.o(.text)
    .text                                    0x080004f4   Section        0  dmul.o(.text)
    .text                                    0x080005d8   Section        0  ddiv.o(.text)
    .text                                    0x080006b6   Section        0  dfixul.o(.text)
    .text                                    0x080006e8   Section       48  cdrcmple.o(.text)
    .text                                    0x08000718   Section       36  init.o(.text)
    .text                                    0x0800073c   Section        0  llsshr.o(.text)
    .text                                    0x08000760   Section        0  depilogue.o(.text)
    i.AppTaskCreate                          0x0800081c   Section        0  task_init.o(i.AppTaskCreate)
    AppTaskCreate                            0x0800081d   Thumb Code   102  task_init.o(i.AppTaskCreate)
    i.BusFault_Handler                       0x08000888   Section        0  stm32f4xx_it.o(i.BusFault_Handler)
    i.DBG_USART_Config                       0x0800088c   Section        0  usart.o(i.DBG_USART_Config)
    DBG_USART_Config                         0x0800088d   Thumb Code    48  usart.o(i.DBG_USART_Config)
    i.DBG_USART_DMA_Config                   0x080008c4   Section        0  usart.o(i.DBG_USART_DMA_Config)
    DBG_USART_DMA_Config                     0x080008c5   Thumb Code    84  usart.o(i.DBG_USART_DMA_Config)
    i.DBG_USART_Init                         0x08000924   Section        0  usart.o(i.DBG_USART_Init)
    i.DMA_CalcBaseAndBitshift                0x08000934   Section        0  stm32f4xx_hal_dma.o(i.DMA_CalcBaseAndBitshift)
    DMA_CalcBaseAndBitshift                  0x08000935   Thumb Code    34  stm32f4xx_hal_dma.o(i.DMA_CalcBaseAndBitshift)
    i.DMA_CheckFifoParam                     0x0800095c   Section        0  stm32f4xx_hal_dma.o(i.DMA_CheckFifoParam)
    DMA_CheckFifoParam                       0x0800095d   Thumb Code    84  stm32f4xx_hal_dma.o(i.DMA_CheckFifoParam)
    i.DebugMon_Handler                       0x080009b0   Section        0  stm32f4xx_it.o(i.DebugMon_Handler)
    i.Error_Handler                          0x080009b4   Section        0  stm32f4xx_it.o(i.Error_Handler)
    i.GPIO_Config                            0x080009d0   Section        0  gpio.o(i.GPIO_Config)
    i.HAL_DMA_DeInit                         0x08000a3c   Section        0  stm32f4xx_hal_dma.o(i.HAL_DMA_DeInit)
    i.HAL_DMA_Init                           0x08000aa0   Section        0  stm32f4xx_hal_dma.o(i.HAL_DMA_Init)
    i.HAL_Delay                              0x08000b74   Section        0  stm32f4xx_hal.o(i.HAL_Delay)
    i.HAL_GPIO_Init                          0x08000b98   Section        0  stm32f4xx_hal_gpio.o(i.HAL_GPIO_Init)
    i.HAL_GPIO_WritePin                      0x08000d88   Section        0  stm32f4xx_hal_gpio.o(i.HAL_GPIO_WritePin)
    i.HAL_GetREVID                           0x08000d94   Section        0  stm32f4xx_hal.o(i.HAL_GetREVID)
    i.HAL_GetTick                            0x08000da0   Section        0  stm32f4xx_hal.o(i.HAL_GetTick)
    i.HAL_Init                               0x08000dac   Section        0  stm32f4xx_hal.o(i.HAL_Init)
    i.HAL_InitTick                           0x08000dd8   Section        0  stm32f4xx_hal.o(i.HAL_InitTick)
    i.HAL_MspInit                            0x08000e18   Section        0  stm32f4xx_hal.o(i.HAL_MspInit)
    i.HAL_NVIC_EnableIRQ                     0x08000e1a   Section        0  stm32f4xx_hal_cortex.o(i.HAL_NVIC_EnableIRQ)
    i.HAL_NVIC_SetPriority                   0x08000e34   Section        0  stm32f4xx_hal_cortex.o(i.HAL_NVIC_SetPriority)
    i.HAL_NVIC_SetPriorityGrouping           0x08000e74   Section        0  stm32f4xx_hal_cortex.o(i.HAL_NVIC_SetPriorityGrouping)
    i.HAL_RCC_ClockConfig                    0x08000e98   Section        0  stm32f4xx_hal_rcc.o(i.HAL_RCC_ClockConfig)
    i.HAL_RCC_GetPCLK1Freq                   0x08000fcc   Section        0  stm32f4xx_hal_rcc.o(i.HAL_RCC_GetPCLK1Freq)
    i.HAL_RCC_GetPCLK2Freq                   0x08000fec   Section        0  stm32f4xx_hal_rcc.o(i.HAL_RCC_GetPCLK2Freq)
    i.HAL_RCC_GetSysClockFreq                0x0800100c   Section        0  stm32f4xx_hal_rcc.o(i.HAL_RCC_GetSysClockFreq)
    i.HAL_RCC_OscConfig                      0x0800106c   Section        0  stm32f4xx_hal_rcc.o(i.HAL_RCC_OscConfig)
    i.HAL_SYSTICK_Config                     0x080013d8   Section        0  stm32f4xx_hal_cortex.o(i.HAL_SYSTICK_Config)
    i.HAL_UART_Init                          0x08001400   Section        0  stm32f4xx_hal_uart.o(i.HAL_UART_Init)
    i.HAL_UART_MspInit                       0x08001464   Section        0  usart.o(i.HAL_UART_MspInit)
    i.HAL_UART_Transmit                      0x080014f4   Section        0  stm32f4xx_hal_uart.o(i.HAL_UART_Transmit)
    i.HardFault_Handler                      0x08001594   Section        0  stm32f4xx_it.o(i.HardFault_Handler)
    i.MemManage_Handler                      0x08001596   Section        0  stm32f4xx_it.o(i.MemManage_Handler)
    i.NMI_Handler                            0x08001598   Section        0  stm32f4xx_it.o(i.NMI_Handler)
    i.SysTick_Handler                        0x0800159a   Section        0  stm32f4xx_it.o(i.SysTick_Handler)
    i.SystemClock_Config                     0x080015b0   Section        0  delay.o(i.SystemClock_Config)
    i.SystemInit                             0x0800164c   Section        0  system_stm32f4xx.o(i.SystemInit)
    i.Task_Init                              0x0800165c   Section        0  task_init.o(i.Task_Init)
    i.UART_EndRxTransfer                     0x0800169c   Section        0  stm32f4xx_hal_uart.o(i.UART_EndRxTransfer)
    UART_EndRxTransfer                       0x0800169d   Thumb Code    78  stm32f4xx_hal_uart.o(i.UART_EndRxTransfer)
    i.UART_SetConfig                         0x080016ec   Section        0  stm32f4xx_hal_uart.o(i.UART_SetConfig)
    UART_SetConfig                           0x080016ed   Thumb Code   258  stm32f4xx_hal_uart.o(i.UART_SetConfig)
    i.UART_WaitOnFlagUntilTimeout            0x080017f8   Section        0  stm32f4xx_hal_uart.o(i.UART_WaitOnFlagUntilTimeout)
    UART_WaitOnFlagUntilTimeout              0x080017f9   Thumb Code   114  stm32f4xx_hal_uart.o(i.UART_WaitOnFlagUntilTimeout)
    i.USART1_IRQHandler                      0x0800186c   Section        0  usart.o(i.USART1_IRQHandler)
    i.UsageFault_Handler                     0x08001880   Section        0  stm32f4xx_it.o(i.UsageFault_Handler)
    i.UsartTask                              0x08001884   Section        0  task_uart.o(i.UsartTask)
    i.WatchDog_Callback                      0x080018a8   Section        0  xtimer.o(i.WatchDog_Callback)
    i.__0vsnprintf                           0x080018b8   Section        0  printfa.o(i.__0vsnprintf)
    i.__NVIC_SetPriority                     0x080018ec   Section        0  stm32f4xx_hal_cortex.o(i.__NVIC_SetPriority)
    __NVIC_SetPriority                       0x080018ed   Thumb Code    32  stm32f4xx_hal_cortex.o(i.__NVIC_SetPriority)
    i.__scatterload_copy                     0x0800190c   Section       14  handlers.o(i.__scatterload_copy)
    i.__scatterload_null                     0x0800191a   Section        2  handlers.o(i.__scatterload_null)
    i.__scatterload_zeroinit                 0x0800191c   Section       14  handlers.o(i.__scatterload_zeroinit)
    i._fp_digits                             0x0800192c   Section        0  printfa.o(i._fp_digits)
    _fp_digits                               0x0800192d   Thumb Code   366  printfa.o(i._fp_digits)
    i._printf_core                           0x08001ab0   Section        0  printfa.o(i._printf_core)
    _printf_core                             0x08001ab1   Thumb Code  1704  printfa.o(i._printf_core)
    i._printf_post_padding                   0x08002164   Section        0  printfa.o(i._printf_post_padding)
    _printf_post_padding                     0x08002165   Thumb Code    36  printfa.o(i._printf_post_padding)
    i._printf_pre_padding                    0x08002188   Section        0  printfa.o(i._printf_pre_padding)
    _printf_pre_padding                      0x08002189   Thumb Code    46  printfa.o(i._printf_pre_padding)
    i._snputc                                0x080021b6   Section        0  printfa.o(i._snputc)
    _snputc                                  0x080021b7   Thumb Code    22  printfa.o(i._snputc)
    i.debug                                  0x080021cc   Section        0  usart.o(i.debug)
    i.eTaskConfirmSleepModeStatus            0x080021fc   Section        0  tasks.o(i.eTaskConfirmSleepModeStatus)
    i.main                                   0x08002230   Section        0  main.o(i.main)
    i.prvAddCurrentTaskToDelayedList         0x0800225c   Section        0  tasks.o(i.prvAddCurrentTaskToDelayedList)
    prvAddCurrentTaskToDelayedList           0x0800225d   Thumb Code   136  tasks.o(i.prvAddCurrentTaskToDelayedList)
    i.prvAddNewTaskToReadyList               0x080022ec   Section        0  tasks.o(i.prvAddNewTaskToReadyList)
    prvAddNewTaskToReadyList                 0x080022ed   Thumb Code   226  tasks.o(i.prvAddNewTaskToReadyList)
    i.prvCheckForValidListAndQueue           0x080023e0   Section        0  timers.o(i.prvCheckForValidListAndQueue)
    prvCheckForValidListAndQueue             0x080023e1   Thumb Code    54  timers.o(i.prvCheckForValidListAndQueue)
    i.prvCopyDataFromQueue                   0x08002420   Section        0  queue.o(i.prvCopyDataFromQueue)
    prvCopyDataFromQueue                     0x08002421   Thumb Code    38  queue.o(i.prvCopyDataFromQueue)
    i.prvCopyDataToQueue                     0x08002446   Section        0  queue.o(i.prvCopyDataToQueue)
    prvCopyDataToQueue                       0x08002447   Thumb Code   108  queue.o(i.prvCopyDataToQueue)
    i.prvDeleteTCB                           0x080024b2   Section        0  tasks.o(i.prvDeleteTCB)
    prvDeleteTCB                             0x080024b3   Thumb Code    20  tasks.o(i.prvDeleteTCB)
    i.prvGetExpectedIdleTime                 0x080024c8   Section        0  tasks.o(i.prvGetExpectedIdleTime)
    prvGetExpectedIdleTime                   0x080024c9   Thumb Code    42  tasks.o(i.prvGetExpectedIdleTime)
    i.prvHeapInit                            0x080024fc   Section        0  heap_4.o(i.prvHeapInit)
    prvHeapInit                              0x080024fd   Thumb Code    60  heap_4.o(i.prvHeapInit)
    i.prvIdleTask                            0x08002540   Section        0  tasks.o(i.prvIdleTask)
    prvIdleTask                              0x08002541   Thumb Code   128  tasks.o(i.prvIdleTask)
    i.prvInitialiseNewTask                   0x080025d0   Section        0  tasks.o(i.prvInitialiseNewTask)
    prvInitialiseNewTask                     0x080025d1   Thumb Code   166  tasks.o(i.prvInitialiseNewTask)
    i.prvInsertBlockIntoFreeList             0x08002678   Section        0  heap_4.o(i.prvInsertBlockIntoFreeList)
    prvInsertBlockIntoFreeList               0x08002679   Thumb Code    72  heap_4.o(i.prvInsertBlockIntoFreeList)
    i.prvInsertTimerInActiveList             0x080026c4   Section        0  timers.o(i.prvInsertTimerInActiveList)
    prvInsertTimerInActiveList               0x080026c5   Thumb Code    52  timers.o(i.prvInsertTimerInActiveList)
    i.prvIsQueueEmpty                        0x080026fc   Section        0  queue.o(i.prvIsQueueEmpty)
    prvIsQueueEmpty                          0x080026fd   Thumb Code    28  queue.o(i.prvIsQueueEmpty)
    i.prvNotifyQueueSetContainer             0x08002718   Section        0  queue.o(i.prvNotifyQueueSetContainer)
    prvNotifyQueueSetContainer               0x08002719   Thumb Code   136  queue.o(i.prvNotifyQueueSetContainer)
    i.prvProcessExpiredTimer                 0x080027a0   Section        0  timers.o(i.prvProcessExpiredTimer)
    prvProcessExpiredTimer                   0x080027a1   Thumb Code    58  timers.o(i.prvProcessExpiredTimer)
    i.prvProcessReceivedCommands             0x080027e0   Section        0  timers.o(i.prvProcessReceivedCommands)
    prvProcessReceivedCommands               0x080027e1   Thumb Code   240  timers.o(i.prvProcessReceivedCommands)
    i.prvProcessTimerOrBlockTask             0x080028d4   Section        0  timers.o(i.prvProcessTimerOrBlockTask)
    prvProcessTimerOrBlockTask               0x080028d5   Thumb Code    98  timers.o(i.prvProcessTimerOrBlockTask)
    i.prvReloadTimer                         0x08002940   Section        0  timers.o(i.prvReloadTimer)
    prvReloadTimer                           0x08002941   Thumb Code    40  timers.o(i.prvReloadTimer)
    i.prvResetNextTaskUnblockTime            0x08002968   Section        0  tasks.o(i.prvResetNextTaskUnblockTime)
    prvResetNextTaskUnblockTime              0x08002969   Thumb Code    24  tasks.o(i.prvResetNextTaskUnblockTime)
    i.prvSampleTimeNow                       0x08002984   Section        0  timers.o(i.prvSampleTimeNow)
    prvSampleTimeNow                         0x08002985   Thumb Code    66  timers.o(i.prvSampleTimeNow)
    i.prvTaskExitError                       0x080029cc   Section        0  port.o(i.prvTaskExitError)
    prvTaskExitError                         0x080029cd   Thumb Code    36  port.o(i.prvTaskExitError)
    i.prvTimerTask                           0x080029f4   Section        0  timers.o(i.prvTimerTask)
    prvTimerTask                             0x080029f5   Thumb Code    32  timers.o(i.prvTimerTask)
    i.prvUnlockQueue                         0x08002a18   Section        0  queue.o(i.prvUnlockQueue)
    prvUnlockQueue                           0x08002a19   Thumb Code   118  queue.o(i.prvUnlockQueue)
    i.pvPortMalloc                           0x08002a90   Section        0  heap_4.o(i.pvPortMalloc)
    i.pxPortInitialiseStack                  0x08002b50   Section        0  port.o(i.pxPortInitialiseStack)
    i.uxListRemove                           0x08002b7c   Section        0  list.o(i.uxListRemove)
    i.uxTaskGetNumberOfTasks                 0x08002ba4   Section        0  tasks.o(i.uxTaskGetNumberOfTasks)
    i.vListInitialise                        0x08002bb0   Section        0  list.o(i.vListInitialise)
    i.vListInitialiseItem                    0x08002bc6   Section        0  list.o(i.vListInitialiseItem)
    i.vListInsert                            0x08002bcc   Section        0  list.o(i.vListInsert)
    i.vListInsertEnd                         0x08002bfc   Section        0  list.o(i.vListInsertEnd)
    i.vPortEnterCritical                     0x08002c14   Section        0  port.o(i.vPortEnterCritical)
    i.vPortExitCritical                      0x08002c54   Section        0  port.o(i.vPortExitCritical)
    i.vPortFree                              0x08002c7c   Section        0  heap_4.o(i.vPortFree)
    i.vPortSetupTimerInterrupt               0x08002ce0   Section        0  port.o(i.vPortSetupTimerInterrupt)
    i.vPortSuppressTicksAndSleep             0x08002d28   Section        0  port.o(i.vPortSuppressTicksAndSleep)
    i.vPortValidateInterruptPriority         0x08002e00   Section        0  port.o(i.vPortValidateInterruptPriority)
    i.vQueueWaitForMessageRestricted         0x08002e54   Section        0  queue.o(i.vQueueWaitForMessageRestricted)
    i.vTaskDelay                             0x08002e98   Section        0  tasks.o(i.vTaskDelay)
    i.vTaskDelete                            0x08002ee4   Section        0  tasks.o(i.vTaskDelete)
    i.vTaskInternalSetTimeOutState           0x08002f98   Section        0  tasks.o(i.vTaskInternalSetTimeOutState)
    i.vTaskMissedYield                       0x08002fa8   Section        0  tasks.o(i.vTaskMissedYield)
    i.vTaskPlaceOnEventList                  0x08002fb4   Section        0  tasks.o(i.vTaskPlaceOnEventList)
    i.vTaskPlaceOnEventListRestricted        0x08002fe4   Section        0  tasks.o(i.vTaskPlaceOnEventListRestricted)
    i.vTaskStartScheduler                    0x08003034   Section        0  tasks.o(i.vTaskStartScheduler)
    i.vTaskStepTick                          0x080030a4   Section        0  tasks.o(i.vTaskStepTick)
    i.vTaskSuspendAll                        0x08003110   Section        0  tasks.o(i.vTaskSuspendAll)
    i.vTaskSwitchContext                     0x08003120   Section        0  tasks.o(i.vTaskSwitchContext)
    i.xPortStartScheduler                    0x0800317c   Section        0  port.o(i.xPortStartScheduler)
    i.xPortSysTickHandler                    0x08003270   Section        0  port.o(i.xPortSysTickHandler)
    i.xQueueGenericCreate                    0x0800329c   Section        0  queue.o(i.xQueueGenericCreate)
    i.xQueueGenericReset                     0x08003300   Section        0  queue.o(i.xQueueGenericReset)
    i.xQueueGenericSend                      0x080033b0   Section        0  queue.o(i.xQueueGenericSend)
    i.xQueueGenericSendFromISR               0x08003528   Section        0  queue.o(i.xQueueGenericSendFromISR)
    i.xQueueReceive                          0x0800361c   Section        0  queue.o(i.xQueueReceive)
    i.xTaskCheckForTimeOut                   0x08003754   Section        0  tasks.o(i.xTaskCheckForTimeOut)
    i.xTaskCreate                            0x080037e0   Section        0  tasks.o(i.xTaskCreate)
    i.xTaskGetSchedulerState                 0x0800383c   Section        0  tasks.o(i.xTaskGetSchedulerState)
    i.xTaskGetTickCount                      0x08003858   Section        0  tasks.o(i.xTaskGetTickCount)
    i.xTaskIncrementTick                     0x08003864   Section        0  tasks.o(i.xTaskIncrementTick)
    i.xTaskPriorityDisinherit                0x0800399c   Section        0  tasks.o(i.xTaskPriorityDisinherit)
    i.xTaskRemoveFromEventList               0x08003a54   Section        0  tasks.o(i.xTaskRemoveFromEventList)
    i.xTaskResumeAll                         0x08003b34   Section        0  tasks.o(i.xTaskResumeAll)
    i.xTimerCreate                           0x08003c60   Section        0  timers.o(i.xTimerCreate)
    i.xTimerCreateTimerTask                  0x08003cc4   Section        0  timers.o(i.xTimerCreateTimerTask)
    i.xTimerGenericCommand                   0x08003d10   Section        0  timers.o(i.xTimerGenericCommand)
    .constdata                               0x08003d78   Section       16  system_stm32f4xx.o(.constdata)
    .constdata                               0x08003d88   Section        8  system_stm32f4xx.o(.constdata)
    .constdata                               0x08003d90   Section        8  stm32f4xx_hal_dma.o(.constdata)
    flagBitshiftOffset                       0x08003d90   Data           8  stm32f4xx_hal_dma.o(.constdata)
    .conststring                             0x08003d98   Section       23  task_init.o(.conststring)
    .data                                    0x20000000   Section        4  system_stm32f4xx.o(.data)
    .data                                    0x20000004   Section       12  stm32f4xx_hal.o(.data)
    .data                                    0x20000010   Section       64  tasks.o(.data)
    uxDeletedTasksWaitingCleanUp             0x20000014   Data           4  tasks.o(.data)
    uxCurrentNumberOfTasks                   0x20000018   Data           4  tasks.o(.data)
    xTickCount                               0x2000001c   Data           4  tasks.o(.data)
    uxTopReadyPriority                       0x20000020   Data           4  tasks.o(.data)
    xSchedulerRunning                        0x20000024   Data           4  tasks.o(.data)
    xPendedTicks                             0x20000028   Data           4  tasks.o(.data)
    xYieldPending                            0x2000002c   Data           4  tasks.o(.data)
    xNumOfOverflows                          0x20000030   Data           4  tasks.o(.data)
    uxTaskNumber                             0x20000034   Data           4  tasks.o(.data)
    xNextTaskUnblockTime                     0x20000038   Data           4  tasks.o(.data)
    xIdleTaskHandle                          0x2000003c   Data           4  tasks.o(.data)
    uxSchedulerSuspended                     0x20000044   Data           4  tasks.o(.data)
    pxDelayedTaskList                        0x20000048   Data           4  tasks.o(.data)
    pxOverflowDelayedTaskList                0x2000004c   Data           4  tasks.o(.data)
    .data                                    0x20000050   Section       20  timers.o(.data)
    xTimerQueue                              0x20000050   Data           4  timers.o(.data)
    xTimerTaskHandle                         0x20000054   Data           4  timers.o(.data)
    xLastTime                                0x20000058   Data           4  timers.o(.data)
    pxCurrentTimerList                       0x2000005c   Data           4  timers.o(.data)
    pxOverflowTimerList                      0x20000060   Data           4  timers.o(.data)
    .data                                    0x20000064   Section       24  port.o(.data)
    ucMaxSysCallPriority                     0x20000064   Data           1  port.o(.data)
    uxCriticalNesting                        0x20000068   Data           4  port.o(.data)
    ulTimerCountsForOneTick                  0x2000006c   Data           4  port.o(.data)
    xMaximumPossibleSuppressedTicks          0x20000070   Data           4  port.o(.data)
    ulStoppedTimerCompensation               0x20000074   Data           4  port.o(.data)
    ulMaxPRIGROUPValue                       0x20000078   Data           4  port.o(.data)
    .data                                    0x2000007c   Section       28  heap_4.o(.data)
    pxEnd                                    0x2000007c   Data           4  heap_4.o(.data)
    xFreeBytesRemaining                      0x20000080   Data           4  heap_4.o(.data)
    xMinimumEverFreeBytesRemaining           0x20000084   Data           4  heap_4.o(.data)
    xNumberOfSuccessfulAllocations           0x20000088   Data           4  heap_4.o(.data)
    xNumberOfSuccessfulFrees                 0x2000008c   Data           4  heap_4.o(.data)
    xStart                                   0x20000090   Data           8  heap_4.o(.data)
    .data                                    0x20000098   Section       56  task_init.o(.data)
    AppTaskCreate_Handel                     0x20000098   Data           4  task_init.o(.data)
    .bss                                     0x200000d0   Section      300  tasks.o(.bss)
    pxReadyTasksLists                        0x200000d0   Data         200  tasks.o(.bss)
    xDelayedTaskList1                        0x20000198   Data          20  tasks.o(.bss)
    xDelayedTaskList2                        0x200001ac   Data          20  tasks.o(.bss)
    xPendingReadyList                        0x200001c0   Data          20  tasks.o(.bss)
    xTasksWaitingTermination                 0x200001d4   Data          20  tasks.o(.bss)
    xSuspendedTaskList                       0x200001e8   Data          20  tasks.o(.bss)
    .bss                                     0x200001fc   Section       40  timers.o(.bss)
    xActiveTimerList1                        0x200001fc   Data          20  timers.o(.bss)
    xActiveTimerList2                        0x20000210   Data          20  timers.o(.bss)
    .bss                                     0x20000224   Section    35840  heap_4.o(.bss)
    ucHeap                                   0x20000224   Data       35840  heap_4.o(.bss)
    .bss                                     0x20008e24   Section      168  usart.o(.bss)
    STACK                                    0x20008ed0   Section     2048  startup_stm32f407xx.o(STACK)

    Global Symbols

    Symbol Name                              Value     Ov Type        Size  Object(Section)

    BuildAttributes$$THM_ISAv4$E$P$D$K$B$S$7EM$VFPi3$EXTD16$VFPS$VFMA$PE$A:L22UL41UL21$X:L11$S22US41US21$IEEE1$IW$USESV6$~STKCKD$USESV7$~SHL$OSPACE$ROPI$EBA8$MICROLIB$REQ8$PRES8$EABIv2 0x00000000   Number         0  anon$$obj.o ABSOLUTE
    __ARM_use_no_argv                        0x00000000   Number         0  main.o ABSOLUTE
    __arm_fini_                               - Undefined Weak Reference
    __cpp_initialize__aeabi_                  - Undefined Weak Reference
    __cxa_finalize                            - Undefined Weak Reference
    __decompress                              - Undefined Weak Reference
    _clock_init                               - Undefined Weak Reference
    _microlib_exit                            - Undefined Weak Reference
    __Vectors_Size                           0x00000188   Number         0  startup_stm32f407xx.o ABSOLUTE
    __Vectors                                0x08000000   Data           4  startup_stm32f407xx.o(RESET)
    __Vectors_End                            0x08000188   Data           0  startup_stm32f407xx.o(RESET)
    __main                                   0x08000189   Thumb Code     0  entry.o(.ARM.Collect$$$$00000000)
    _main_stk                                0x08000189   Thumb Code     0  entry2.o(.ARM.Collect$$$$00000001)
    _main_scatterload                        0x0800018d   Thumb Code     0  entry5.o(.ARM.Collect$$$$00000004)
    __main_after_scatterload                 0x08000191   Thumb Code     0  entry5.o(.ARM.Collect$$$$00000004)
    _main_clock                              0x08000191   Thumb Code     0  entry7b.o(.ARM.Collect$$$$00000008)
    _main_cpp_init                           0x08000191   Thumb Code     0  entry8b.o(.ARM.Collect$$$$0000000A)
    _main_init                               0x08000191   Thumb Code     0  entry9a.o(.ARM.Collect$$$$0000000B)
    __rt_lib_shutdown_fini                   0x08000199   Thumb Code     0  entry12b.o(.ARM.Collect$$$$0000000E)
    __rt_final_cpp                           0x0800019d   Thumb Code     0  entry10a.o(.ARM.Collect$$$$0000000F)
    __rt_final_exit                          0x0800019d   Thumb Code     0  entry11a.o(.ARM.Collect$$$$00000011)
    SVC_Handler                              0x080001a1   Thumb Code    28  port.o(.emb_text)
    __asm___6_port_c_39a90d8d__prvStartFirstTask 0x080001c1   Thumb Code    36  port.o(.emb_text)
    __asm___6_port_c_39a90d8d__prvEnableVFP  0x080001e9   Thumb Code    16  port.o(.emb_text)
    PendSV_Handler                           0x080001fd   Thumb Code    88  port.o(.emb_text)
    vPortGetIPSR                             0x08000259   Thumb Code     6  port.o(.emb_text)
    Reset_Handler                            0x08000261   Thumb Code     8  startup_stm32f407xx.o(.text)
    ADC_IRQHandler                           0x0800027b   Thumb Code     0  startup_stm32f407xx.o(.text)
    CAN1_RX0_IRQHandler                      0x0800027b   Thumb Code     0  startup_stm32f407xx.o(.text)
    CAN1_RX1_IRQHandler                      0x0800027b   Thumb Code     0  startup_stm32f407xx.o(.text)
    CAN1_SCE_IRQHandler                      0x0800027b   Thumb Code     0  startup_stm32f407xx.o(.text)
    CAN1_TX_IRQHandler                       0x0800027b   Thumb Code     0  startup_stm32f407xx.o(.text)
    CAN2_RX0_IRQHandler                      0x0800027b   Thumb Code     0  startup_stm32f407xx.o(.text)
    CAN2_RX1_IRQHandler                      0x0800027b   Thumb Code     0  startup_stm32f407xx.o(.text)
    CAN2_SCE_IRQHandler                      0x0800027b   Thumb Code     0  startup_stm32f407xx.o(.text)
    CAN2_TX_IRQHandler                       0x0800027b   Thumb Code     0  startup_stm32f407xx.o(.text)
    DCMI_IRQHandler                          0x0800027b   Thumb Code     0  startup_stm32f407xx.o(.text)
    DMA1_Stream0_IRQHandler                  0x0800027b   Thumb Code     0  startup_stm32f407xx.o(.text)
    DMA1_Stream1_IRQHandler                  0x0800027b   Thumb Code     0  startup_stm32f407xx.o(.text)
    DMA1_Stream2_IRQHandler                  0x0800027b   Thumb Code     0  startup_stm32f407xx.o(.text)
    DMA1_Stream3_IRQHandler                  0x0800027b   Thumb Code     0  startup_stm32f407xx.o(.text)
    DMA1_Stream4_IRQHandler                  0x0800027b   Thumb Code     0  startup_stm32f407xx.o(.text)
    DMA1_Stream5_IRQHandler                  0x0800027b   Thumb Code     0  startup_stm32f407xx.o(.text)
    DMA1_Stream6_IRQHandler                  0x0800027b   Thumb Code     0  startup_stm32f407xx.o(.text)
    DMA1_Stream7_IRQHandler                  0x0800027b   Thumb Code     0  startup_stm32f407xx.o(.text)
    DMA2_Stream0_IRQHandler                  0x0800027b   Thumb Code     0  startup_stm32f407xx.o(.text)
    DMA2_Stream1_IRQHandler                  0x0800027b   Thumb Code     0  startup_stm32f407xx.o(.text)
    DMA2_Stream2_IRQHandler                  0x0800027b   Thumb Code     0  startup_stm32f407xx.o(.text)
    DMA2_Stream3_IRQHandler                  0x0800027b   Thumb Code     0  startup_stm32f407xx.o(.text)
    DMA2_Stream4_IRQHandler                  0x0800027b   Thumb Code     0  startup_stm32f407xx.o(.text)
    DMA2_Stream5_IRQHandler                  0x0800027b   Thumb Code     0  startup_stm32f407xx.o(.text)
    DMA2_Stream6_IRQHandler                  0x0800027b   Thumb Code     0  startup_stm32f407xx.o(.text)
    DMA2_Stream7_IRQHandler                  0x0800027b   Thumb Code     0  startup_stm32f407xx.o(.text)
    ETH_IRQHandler                           0x0800027b   Thumb Code     0  startup_stm32f407xx.o(.text)
    ETH_WKUP_IRQHandler                      0x0800027b   Thumb Code     0  startup_stm32f407xx.o(.text)
    EXTI0_IRQHandler                         0x0800027b   Thumb Code     0  startup_stm32f407xx.o(.text)
    EXTI15_10_IRQHandler                     0x0800027b   Thumb Code     0  startup_stm32f407xx.o(.text)
    EXTI1_IRQHandler                         0x0800027b   Thumb Code     0  startup_stm32f407xx.o(.text)
    EXTI2_IRQHandler                         0x0800027b   Thumb Code     0  startup_stm32f407xx.o(.text)
    EXTI3_IRQHandler                         0x0800027b   Thumb Code     0  startup_stm32f407xx.o(.text)
    EXTI4_IRQHandler                         0x0800027b   Thumb Code     0  startup_stm32f407xx.o(.text)
    EXTI9_5_IRQHandler                       0x0800027b   Thumb Code     0  startup_stm32f407xx.o(.text)
    FLASH_IRQHandler                         0x0800027b   Thumb Code     0  startup_stm32f407xx.o(.text)
    FMC_IRQHandler                           0x0800027b   Thumb Code     0  startup_stm32f407xx.o(.text)
    FPU_IRQHandler                           0x0800027b   Thumb Code     0  startup_stm32f407xx.o(.text)
    HASH_RNG_IRQHandler                      0x0800027b   Thumb Code     0  startup_stm32f407xx.o(.text)
    I2C1_ER_IRQHandler                       0x0800027b   Thumb Code     0  startup_stm32f407xx.o(.text)
    I2C1_EV_IRQHandler                       0x0800027b   Thumb Code     0  startup_stm32f407xx.o(.text)
    I2C2_ER_IRQHandler                       0x0800027b   Thumb Code     0  startup_stm32f407xx.o(.text)
    I2C2_EV_IRQHandler                       0x0800027b   Thumb Code     0  startup_stm32f407xx.o(.text)
    I2C3_ER_IRQHandler                       0x0800027b   Thumb Code     0  startup_stm32f407xx.o(.text)
    I2C3_EV_IRQHandler                       0x0800027b   Thumb Code     0  startup_stm32f407xx.o(.text)
    OTG_FS_IRQHandler                        0x0800027b   Thumb Code     0  startup_stm32f407xx.o(.text)
    OTG_FS_WKUP_IRQHandler                   0x0800027b   Thumb Code     0  startup_stm32f407xx.o(.text)
    OTG_HS_EP1_IN_IRQHandler                 0x0800027b   Thumb Code     0  startup_stm32f407xx.o(.text)
    OTG_HS_EP1_OUT_IRQHandler                0x0800027b   Thumb Code     0  startup_stm32f407xx.o(.text)
    OTG_HS_IRQHandler                        0x0800027b   Thumb Code     0  startup_stm32f407xx.o(.text)
    OTG_HS_WKUP_IRQHandler                   0x0800027b   Thumb Code     0  startup_stm32f407xx.o(.text)
    PVD_IRQHandler                           0x0800027b   Thumb Code     0  startup_stm32f407xx.o(.text)
    RCC_IRQHandler                           0x0800027b   Thumb Code     0  startup_stm32f407xx.o(.text)
    RTC_Alarm_IRQHandler                     0x0800027b   Thumb Code     0  startup_stm32f407xx.o(.text)
    RTC_WKUP_IRQHandler                      0x0800027b   Thumb Code     0  startup_stm32f407xx.o(.text)
    SDIO_IRQHandler                          0x0800027b   Thumb Code     0  startup_stm32f407xx.o(.text)
    SPI1_IRQHandler                          0x0800027b   Thumb Code     0  startup_stm32f407xx.o(.text)
    SPI2_IRQHandler                          0x0800027b   Thumb Code     0  startup_stm32f407xx.o(.text)
    SPI3_IRQHandler                          0x0800027b   Thumb Code     0  startup_stm32f407xx.o(.text)
    TAMP_STAMP_IRQHandler                    0x0800027b   Thumb Code     0  startup_stm32f407xx.o(.text)
    TIM1_BRK_TIM9_IRQHandler                 0x0800027b   Thumb Code     0  startup_stm32f407xx.o(.text)
    TIM1_CC_IRQHandler                       0x0800027b   Thumb Code     0  startup_stm32f407xx.o(.text)
    TIM1_TRG_COM_TIM11_IRQHandler            0x0800027b   Thumb Code     0  startup_stm32f407xx.o(.text)
    TIM1_UP_TIM10_IRQHandler                 0x0800027b   Thumb Code     0  startup_stm32f407xx.o(.text)
    TIM2_IRQHandler                          0x0800027b   Thumb Code     0  startup_stm32f407xx.o(.text)
    TIM3_IRQHandler                          0x0800027b   Thumb Code     0  startup_stm32f407xx.o(.text)
    TIM4_IRQHandler                          0x0800027b   Thumb Code     0  startup_stm32f407xx.o(.text)
    TIM5_IRQHandler                          0x0800027b   Thumb Code     0  startup_stm32f407xx.o(.text)
    TIM6_DAC_IRQHandler                      0x0800027b   Thumb Code     0  startup_stm32f407xx.o(.text)
    TIM7_IRQHandler                          0x0800027b   Thumb Code     0  startup_stm32f407xx.o(.text)
    TIM8_BRK_TIM12_IRQHandler                0x0800027b   Thumb Code     0  startup_stm32f407xx.o(.text)
    TIM8_CC_IRQHandler                       0x0800027b   Thumb Code     0  startup_stm32f407xx.o(.text)
    TIM8_TRG_COM_TIM14_IRQHandler            0x0800027b   Thumb Code     0  startup_stm32f407xx.o(.text)
    TIM8_UP_TIM13_IRQHandler                 0x0800027b   Thumb Code     0  startup_stm32f407xx.o(.text)
    UART4_IRQHandler                         0x0800027b   Thumb Code     0  startup_stm32f407xx.o(.text)
    UART5_IRQHandler                         0x0800027b   Thumb Code     0  startup_stm32f407xx.o(.text)
    USART2_IRQHandler                        0x0800027b   Thumb Code     0  startup_stm32f407xx.o(.text)
    USART3_IRQHandler                        0x0800027b   Thumb Code     0  startup_stm32f407xx.o(.text)
    USART6_IRQHandler                        0x0800027b   Thumb Code     0  startup_stm32f407xx.o(.text)
    WWDG_IRQHandler                          0x0800027b   Thumb Code     0  startup_stm32f407xx.o(.text)
    __aeabi_uldivmod                         0x08000285   Thumb Code    98  uldiv.o(.text)
    __aeabi_memcpy                           0x080002e7   Thumb Code    36  memcpya.o(.text)
    __aeabi_memcpy4                          0x080002e7   Thumb Code     0  memcpya.o(.text)
    __aeabi_memcpy8                          0x080002e7   Thumb Code     0  memcpya.o(.text)
    __aeabi_memset                           0x0800030b   Thumb Code    14  memseta.o(.text)
    __aeabi_memset4                          0x0800030b   Thumb Code     0  memseta.o(.text)
    __aeabi_memset8                          0x0800030b   Thumb Code     0  memseta.o(.text)
    __aeabi_memclr                           0x08000319   Thumb Code     4  memseta.o(.text)
    __aeabi_memclr4                          0x08000319   Thumb Code     0  memseta.o(.text)
    __aeabi_memclr8                          0x08000319   Thumb Code     0  memseta.o(.text)
    memset                                   0x0800031d   Thumb Code    18  memseta.o(.text)
    strlen                                   0x0800032f   Thumb Code    14  strlen.o(.text)
    __aeabi_uidiv                            0x0800033d   Thumb Code     0  uidiv.o(.text)
    __aeabi_uidivmod                         0x0800033d   Thumb Code    44  uidiv.o(.text)
    __aeabi_llsl                             0x08000369   Thumb Code    30  llshl.o(.text)
    _ll_shift_l                              0x08000369   Thumb Code     0  llshl.o(.text)
    __aeabi_llsr                             0x08000387   Thumb Code    32  llushr.o(.text)
    _ll_ushift_r                             0x08000387   Thumb Code     0  llushr.o(.text)
    __I$use$fp                               0x080003a7   Thumb Code     0  iusefp.o(.text)
    __aeabi_dadd                             0x080003a7   Thumb Code   322  dadd.o(.text)
    __aeabi_dsub                             0x080004e9   Thumb Code     6  dadd.o(.text)
    __aeabi_drsub                            0x080004ef   Thumb Code     6  dadd.o(.text)
    __aeabi_dmul                             0x080004f5   Thumb Code   228  dmul.o(.text)
    __aeabi_ddiv                             0x080005d9   Thumb Code   222  ddiv.o(.text)
    __aeabi_d2ulz                            0x080006b7   Thumb Code    48  dfixul.o(.text)
    __aeabi_cdrcmple                         0x080006e9   Thumb Code    48  cdrcmple.o(.text)
    __scatterload                            0x08000719   Thumb Code    28  init.o(.text)
    __scatterload_rt2                        0x08000719   Thumb Code     0  init.o(.text)
    __aeabi_lasr                             0x0800073d   Thumb Code    36  llsshr.o(.text)
    _ll_sshift_r                             0x0800073d   Thumb Code     0  llsshr.o(.text)
    _double_round                            0x08000761   Thumb Code    30  depilogue.o(.text)
    _double_epilogue                         0x0800077f   Thumb Code   156  depilogue.o(.text)
    BusFault_Handler                         0x08000889   Thumb Code     2  stm32f4xx_it.o(i.BusFault_Handler)
    DBG_USART_Init                           0x08000925   Thumb Code    14  usart.o(i.DBG_USART_Init)
    DebugMon_Handler                         0x080009b1   Thumb Code     2  stm32f4xx_it.o(i.DebugMon_Handler)
    Error_Handler                            0x080009b5   Thumb Code    22  stm32f4xx_it.o(i.Error_Handler)
    GPIO_Config                              0x080009d1   Thumb Code    98  gpio.o(i.GPIO_Config)
    HAL_DMA_DeInit                           0x08000a3d   Thumb Code    98  stm32f4xx_hal_dma.o(i.HAL_DMA_DeInit)
    HAL_DMA_Init                             0x08000aa1   Thumb Code   206  stm32f4xx_hal_dma.o(i.HAL_DMA_Init)
    HAL_Delay                                0x08000b75   Thumb Code    32  stm32f4xx_hal.o(i.HAL_Delay)
    HAL_GPIO_Init                            0x08000b99   Thumb Code   450  stm32f4xx_hal_gpio.o(i.HAL_GPIO_Init)
    HAL_GPIO_WritePin                        0x08000d89   Thumb Code    10  stm32f4xx_hal_gpio.o(i.HAL_GPIO_WritePin)
    HAL_GetREVID                             0x08000d95   Thumb Code     8  stm32f4xx_hal.o(i.HAL_GetREVID)
    HAL_GetTick                              0x08000da1   Thumb Code     6  stm32f4xx_hal.o(i.HAL_GetTick)
    HAL_Init                                 0x08000dad   Thumb Code    40  stm32f4xx_hal.o(i.HAL_Init)
    HAL_InitTick                             0x08000dd9   Thumb Code    54  stm32f4xx_hal.o(i.HAL_InitTick)
    HAL_MspInit                              0x08000e19   Thumb Code     2  stm32f4xx_hal.o(i.HAL_MspInit)
    HAL_NVIC_EnableIRQ                       0x08000e1b   Thumb Code    26  stm32f4xx_hal_cortex.o(i.HAL_NVIC_EnableIRQ)
    HAL_NVIC_SetPriority                     0x08000e35   Thumb Code    60  stm32f4xx_hal_cortex.o(i.HAL_NVIC_SetPriority)
    HAL_NVIC_SetPriorityGrouping             0x08000e75   Thumb Code    26  stm32f4xx_hal_cortex.o(i.HAL_NVIC_SetPriorityGrouping)
    HAL_RCC_ClockConfig                      0x08000e99   Thumb Code   288  stm32f4xx_hal_rcc.o(i.HAL_RCC_ClockConfig)
    HAL_RCC_GetPCLK1Freq                     0x08000fcd   Thumb Code    20  stm32f4xx_hal_rcc.o(i.HAL_RCC_GetPCLK1Freq)
    HAL_RCC_GetPCLK2Freq                     0x08000fed   Thumb Code    20  stm32f4xx_hal_rcc.o(i.HAL_RCC_GetPCLK2Freq)
    HAL_RCC_GetSysClockFreq                  0x0800100d   Thumb Code    88  stm32f4xx_hal_rcc.o(i.HAL_RCC_GetSysClockFreq)
    HAL_RCC_OscConfig                        0x0800106d   Thumb Code   856  stm32f4xx_hal_rcc.o(i.HAL_RCC_OscConfig)
    HAL_SYSTICK_Config                       0x080013d9   Thumb Code    40  stm32f4xx_hal_cortex.o(i.HAL_SYSTICK_Config)
    HAL_UART_Init                            0x08001401   Thumb Code   100  stm32f4xx_hal_uart.o(i.HAL_UART_Init)
    HAL_UART_MspInit                         0x08001465   Thumb Code   132  usart.o(i.HAL_UART_MspInit)
    HAL_UART_Transmit                        0x080014f5   Thumb Code   160  stm32f4xx_hal_uart.o(i.HAL_UART_Transmit)
    HardFault_Handler                        0x08001595   Thumb Code     2  stm32f4xx_it.o(i.HardFault_Handler)
    MemManage_Handler                        0x08001597   Thumb Code     2  stm32f4xx_it.o(i.MemManage_Handler)
    NMI_Handler                              0x08001599   Thumb Code     2  stm32f4xx_it.o(i.NMI_Handler)
    SysTick_Handler                          0x0800159b   Thumb Code    20  stm32f4xx_it.o(i.SysTick_Handler)
    SystemClock_Config                       0x080015b1   Thumb Code   142  delay.o(i.SystemClock_Config)
    SystemInit                               0x0800164d   Thumb Code    12  system_stm32f4xx.o(i.SystemInit)
    Task_Init                                0x0800165d   Thumb Code    38  task_init.o(i.Task_Init)
    USART1_IRQHandler                        0x0800186d   Thumb Code    16  usart.o(i.USART1_IRQHandler)
    UsageFault_Handler                       0x08001881   Thumb Code     2  stm32f4xx_it.o(i.UsageFault_Handler)
    UsartTask                                0x08001885   Thumb Code    24  task_uart.o(i.UsartTask)
    WatchDog_Callback                        0x080018a9   Thumb Code    12  xtimer.o(i.WatchDog_Callback)
    __0vsnprintf                             0x080018b9   Thumb Code    46  printfa.o(i.__0vsnprintf)
    __1vsnprintf                             0x080018b9   Thumb Code     0  printfa.o(i.__0vsnprintf)
    __2vsnprintf                             0x080018b9   Thumb Code     0  printfa.o(i.__0vsnprintf)
    __c89vsnprintf                           0x080018b9   Thumb Code     0  printfa.o(i.__0vsnprintf)
    vsnprintf                                0x080018b9   Thumb Code     0  printfa.o(i.__0vsnprintf)
    __scatterload_copy                       0x0800190d   Thumb Code    14  handlers.o(i.__scatterload_copy)
    __scatterload_null                       0x0800191b   Thumb Code     2  handlers.o(i.__scatterload_null)
    __scatterload_zeroinit                   0x0800191d   Thumb Code    14  handlers.o(i.__scatterload_zeroinit)
    debug                                    0x080021cd   Thumb Code    44  usart.o(i.debug)
    eTaskConfirmSleepModeStatus              0x080021fd   Thumb Code    44  tasks.o(i.eTaskConfirmSleepModeStatus)
    main                                     0x08002231   Thumb Code    28  main.o(i.main)
    pvPortMalloc                             0x08002a91   Thumb Code   188  heap_4.o(i.pvPortMalloc)
    pxPortInitialiseStack                    0x08002b51   Thumb Code    40  port.o(i.pxPortInitialiseStack)
    uxListRemove                             0x08002b7d   Thumb Code    38  list.o(i.uxListRemove)
    uxTaskGetNumberOfTasks                   0x08002ba5   Thumb Code     6  tasks.o(i.uxTaskGetNumberOfTasks)
    vListInitialise                          0x08002bb1   Thumb Code    22  list.o(i.vListInitialise)
    vListInitialiseItem                      0x08002bc7   Thumb Code     6  list.o(i.vListInitialiseItem)
    vListInsert                              0x08002bcd   Thumb Code    48  list.o(i.vListInsert)
    vListInsertEnd                           0x08002bfd   Thumb Code    24  list.o(i.vListInsertEnd)
    vPortEnterCritical                       0x08002c15   Thumb Code    54  port.o(i.vPortEnterCritical)
    vPortExitCritical                        0x08002c55   Thumb Code    34  port.o(i.vPortExitCritical)
    vPortFree                                0x08002c7d   Thumb Code    94  heap_4.o(i.vPortFree)
    vPortSetupTimerInterrupt                 0x08002ce1   Thumb Code    64  port.o(i.vPortSetupTimerInterrupt)
    vPortSuppressTicksAndSleep               0x08002d29   Thumb Code   206  port.o(i.vPortSuppressTicksAndSleep)
    vPortValidateInterruptPriority           0x08002e01   Thumb Code    74  port.o(i.vPortValidateInterruptPriority)
    vQueueWaitForMessageRestricted           0x08002e55   Thumb Code    68  queue.o(i.vQueueWaitForMessageRestricted)
    vTaskDelay                               0x08002e99   Thumb Code    66  tasks.o(i.vTaskDelay)
    vTaskDelete                              0x08002ee5   Thumb Code   162  tasks.o(i.vTaskDelete)
    vTaskInternalSetTimeOutState             0x08002f99   Thumb Code    12  tasks.o(i.vTaskInternalSetTimeOutState)
    vTaskMissedYield                         0x08002fa9   Thumb Code     8  tasks.o(i.vTaskMissedYield)
    vTaskPlaceOnEventList                    0x08002fb5   Thumb Code    44  tasks.o(i.vTaskPlaceOnEventList)
    vTaskPlaceOnEventListRestricted          0x08002fe5   Thumb Code    76  tasks.o(i.vTaskPlaceOnEventListRestricted)
    vTaskStartScheduler                      0x08003035   Thumb Code    94  tasks.o(i.vTaskStartScheduler)
    vTaskStepTick                            0x080030a5   Thumb Code   104  tasks.o(i.vTaskStepTick)
    vTaskSuspendAll                          0x08003111   Thumb Code    10  tasks.o(i.vTaskSuspendAll)
    vTaskSwitchContext                       0x08003121   Thumb Code    82  tasks.o(i.vTaskSwitchContext)
    xPortStartScheduler                      0x0800317d   Thumb Code   222  port.o(i.xPortStartScheduler)
    xPortSysTickHandler                      0x08003271   Thumb Code    38  port.o(i.xPortSysTickHandler)
    xQueueGenericCreate                      0x0800329d   Thumb Code    98  queue.o(i.xQueueGenericCreate)
    xQueueGenericReset                       0x08003301   Thumb Code   172  queue.o(i.xQueueGenericReset)
    xQueueGenericSend                        0x080033b1   Thumb Code   372  queue.o(i.xQueueGenericSend)
    xQueueGenericSendFromISR                 0x08003529   Thumb Code   242  queue.o(i.xQueueGenericSendFromISR)
    xQueueReceive                            0x0800361d   Thumb Code   308  queue.o(i.xQueueReceive)
    xTaskCheckForTimeOut                     0x08003755   Thumb Code   136  tasks.o(i.xTaskCheckForTimeOut)
    xTaskCreate                              0x080037e1   Thumb Code    92  tasks.o(i.xTaskCreate)
    xTaskGetSchedulerState                   0x0800383d   Thumb Code    22  tasks.o(i.xTaskGetSchedulerState)
    xTaskGetTickCount                        0x08003859   Thumb Code     6  tasks.o(i.xTaskGetTickCount)
    xTaskIncrementTick                       0x08003865   Thumb Code   304  tasks.o(i.xTaskIncrementTick)
    xTaskPriorityDisinherit                  0x0800399d   Thumb Code   174  tasks.o(i.xTaskPriorityDisinherit)
    xTaskRemoveFromEventList                 0x08003a55   Thumb Code   214  tasks.o(i.xTaskRemoveFromEventList)
    xTaskResumeAll                           0x08003b35   Thumb Code   286  tasks.o(i.xTaskResumeAll)
    xTimerCreate                             0x08003c61   Thumb Code    98  timers.o(i.xTimerCreate)
    xTimerCreateTimerTask                    0x08003cc5   Thumb Code    58  timers.o(i.xTimerCreateTimerTask)
    xTimerGenericCommand                     0x08003d11   Thumb Code    98  timers.o(i.xTimerGenericCommand)
    AHBPrescTable                            0x08003d78   Data          16  system_stm32f4xx.o(.constdata)
    APBPrescTable                            0x08003d88   Data           8  system_stm32f4xx.o(.constdata)
    Region$$Table$$Base                      0x08003db0   Number         0  anon$$obj.o(Region$$Table)
    Region$$Table$$Limit                     0x08003dd0   Number         0  anon$$obj.o(Region$$Table)
    SystemCoreClock                          0x20000000   Data           4  system_stm32f4xx.o(.data)
    uwTickFreq                               0x20000004   Data           1  stm32f4xx_hal.o(.data)
    uwTickPrio                               0x20000008   Data           4  stm32f4xx_hal.o(.data)
    uwTick                                   0x2000000c   Data           4  stm32f4xx_hal.o(.data)
    pxCurrentTCB                             0x20000010   Data           4  tasks.o(.data)
    uxTopUsedPriority                        0x20000040   Data           4  tasks.o(.data)
    Tasks                                    0x2000009c   Data          28  task_init.o(.data)
    Timers                                   0x200000b8   Data          24  task_init.o(.data)
    DBG_USART_Handler                        0x20008e24   Data          72  usart.o(.bss)
    DBG_USART_DMA_Handler                    0x20008e6c   Data          96  usart.o(.bss)
    __initial_sp                             0x200096d0   Data           0  startup_stm32f407xx.o(STACK)



==============================================================================

Memory Map of the image

  Image Entry point : 0x08000189

  Load Region LR_IROM1 (Base: 0x08000000, Size: 0x00003ea0, Max: 0x00100000, ABSOLUTE)

    Execution Region ER_IROM1 (Exec base: 0x08000000, Load base: 0x08000000, Size: 0x00003dd0, Max: 0x00100000, ABSOLUTE)

    Exec Addr    Load Addr    Size         Type   Attr      Idx    E Section Name        Object

    0x08000000   0x08000000   0x00000188   Data   RO            3    RESET               startup_stm32f407xx.o
    0x08000188   0x08000188   0x00000000   Code   RO        10380  * .ARM.Collect$$$$00000000  mc_w.l(entry.o)
    0x08000188   0x08000188   0x00000004   Code   RO        10423    .ARM.Collect$$$$00000001  mc_w.l(entry2.o)
    0x0800018c   0x0800018c   0x00000004   Code   RO        10426    .ARM.Collect$$$$00000004  mc_w.l(entry5.o)
    0x08000190   0x08000190   0x00000000   Code   RO        10428    .ARM.Collect$$$$00000008  mc_w.l(entry7b.o)
    0x08000190   0x08000190   0x00000000   Code   RO        10430    .ARM.Collect$$$$0000000A  mc_w.l(entry8b.o)
    0x08000190   0x08000190   0x00000008   Code   RO        10431    .ARM.Collect$$$$0000000B  mc_w.l(entry9a.o)
    0x08000198   0x08000198   0x00000004   Code   RO        10438    .ARM.Collect$$$$0000000E  mc_w.l(entry12b.o)
    0x0800019c   0x0800019c   0x00000000   Code   RO        10433    .ARM.Collect$$$$0000000F  mc_w.l(entry10a.o)
    0x0800019c   0x0800019c   0x00000000   Code   RO        10435    .ARM.Collect$$$$00000011  mc_w.l(entry11a.o)
    0x0800019c   0x0800019c   0x00000004   Code   RO        10424    .ARM.Collect$$$$00002712  mc_w.l(entry2.o)
    0x080001a0   0x080001a0   0x000000be   Code   RO         9842    .emb_text           port.o
    0x0800025e   0x0800025e   0x00000002   PAD
    0x08000260   0x08000260   0x00000024   Code   RO            4    .text               startup_stm32f407xx.o
    0x08000284   0x08000284   0x00000062   Code   RO        10383    .text               mc_w.l(uldiv.o)
    0x080002e6   0x080002e6   0x00000024   Code   RO        10385    .text               mc_w.l(memcpya.o)
    0x0800030a   0x0800030a   0x00000024   Code   RO        10389    .text               mc_w.l(memseta.o)
    0x0800032e   0x0800032e   0x0000000e   Code   RO        10391    .text               mc_w.l(strlen.o)
    0x0800033c   0x0800033c   0x0000002c   Code   RO        10442    .text               mc_w.l(uidiv.o)
    0x08000368   0x08000368   0x0000001e   Code   RO        10444    .text               mc_w.l(llshl.o)
    0x08000386   0x08000386   0x00000020   Code   RO        10446    .text               mc_w.l(llushr.o)
    0x080003a6   0x080003a6   0x00000000   Code   RO        10448    .text               mc_w.l(iusefp.o)
    0x080003a6   0x080003a6   0x0000014e   Code   RO        10449    .text               mf_w.l(dadd.o)
    0x080004f4   0x080004f4   0x000000e4   Code   RO        10451    .text               mf_w.l(dmul.o)
    0x080005d8   0x080005d8   0x000000de   Code   RO        10453    .text               mf_w.l(ddiv.o)
    0x080006b6   0x080006b6   0x00000030   Code   RO        10455    .text               mf_w.l(dfixul.o)
    0x080006e6   0x080006e6   0x00000002   PAD
    0x080006e8   0x080006e8   0x00000030   Code   RO        10457    .text               mf_w.l(cdrcmple.o)
    0x08000718   0x08000718   0x00000024   Code   RO        10459    .text               mc_w.l(init.o)
    0x0800073c   0x0800073c   0x00000024   Code   RO        10462    .text               mc_w.l(llsshr.o)
    0x08000760   0x08000760   0x000000ba   Code   RO        10465    .text               mf_w.l(depilogue.o)
    0x0800081a   0x0800081a   0x00000002   PAD
    0x0800081c   0x0800081c   0x0000006c   Code   RO        10290    i.AppTaskCreate     task_init.o
    0x08000888   0x08000888   0x00000002   Code   RO        10224    i.BusFault_Handler  stm32f4xx_it.o
    0x0800088a   0x0800088a   0x00000002   PAD
    0x0800088c   0x0800088c   0x00000038   Code   RO        10105    i.DBG_USART_Config  usart.o
    0x080008c4   0x080008c4   0x00000060   Code   RO        10106    i.DBG_USART_DMA_Config  usart.o
    0x08000924   0x08000924   0x0000000e   Code   RO        10107    i.DBG_USART_Init    usart.o
    0x08000932   0x08000932   0x00000002   PAD
    0x08000934   0x08000934   0x00000028   Code   RO         1621    i.DMA_CalcBaseAndBitshift  stm32f4xx_hal_dma.o
    0x0800095c   0x0800095c   0x00000054   Code   RO         1622    i.DMA_CheckFifoParam  stm32f4xx_hal_dma.o
    0x080009b0   0x080009b0   0x00000002   Code   RO        10225    i.DebugMon_Handler  stm32f4xx_it.o
    0x080009b2   0x080009b2   0x00000002   PAD
    0x080009b4   0x080009b4   0x0000001c   Code   RO        10226    i.Error_Handler     stm32f4xx_it.o
    0x080009d0   0x080009d0   0x0000006c   Code   RO        10173    i.GPIO_Config       gpio.o
    0x08000a3c   0x08000a3c   0x00000062   Code   RO         1626    i.HAL_DMA_DeInit    stm32f4xx_hal_dma.o
    0x08000a9e   0x08000a9e   0x00000002   PAD
    0x08000aa0   0x08000aa0   0x000000d4   Code   RO         1630    i.HAL_DMA_Init      stm32f4xx_hal_dma.o
    0x08000b74   0x08000b74   0x00000024   Code   RO          250    i.HAL_Delay         stm32f4xx_hal.o
    0x08000b98   0x08000b98   0x000001f0   Code   RO         2165    i.HAL_GPIO_Init     stm32f4xx_hal_gpio.o
    0x08000d88   0x08000d88   0x0000000a   Code   RO         2169    i.HAL_GPIO_WritePin  stm32f4xx_hal_gpio.o
    0x08000d92   0x08000d92   0x00000002   PAD
    0x08000d94   0x08000d94   0x0000000c   Code   RO          255    i.HAL_GetREVID      stm32f4xx_hal.o
    0x08000da0   0x08000da0   0x0000000c   Code   RO          256    i.HAL_GetTick       stm32f4xx_hal.o
    0x08000dac   0x08000dac   0x0000002c   Code   RO          263    i.HAL_Init          stm32f4xx_hal.o
    0x08000dd8   0x08000dd8   0x00000040   Code   RO          264    i.HAL_InitTick      stm32f4xx_hal.o
    0x08000e18   0x08000e18   0x00000002   Code   RO          266    i.HAL_MspInit       stm32f4xx_hal.o
    0x08000e1a   0x08000e1a   0x0000001a   Code   RO          966    i.HAL_NVIC_EnableIRQ  stm32f4xx_hal_cortex.o
    0x08000e34   0x08000e34   0x00000040   Code   RO          972    i.HAL_NVIC_SetPriority  stm32f4xx_hal_cortex.o
    0x08000e74   0x08000e74   0x00000024   Code   RO          973    i.HAL_NVIC_SetPriorityGrouping  stm32f4xx_hal_cortex.o
    0x08000e98   0x08000e98   0x00000134   Code   RO         4421    i.HAL_RCC_ClockConfig  stm32f4xx_hal_rcc.o
    0x08000fcc   0x08000fcc   0x00000020   Code   RO         4428    i.HAL_RCC_GetPCLK1Freq  stm32f4xx_hal_rcc.o
    0x08000fec   0x08000fec   0x00000020   Code   RO         4429    i.HAL_RCC_GetPCLK2Freq  stm32f4xx_hal_rcc.o
    0x0800100c   0x0800100c   0x00000060   Code   RO         4430    i.HAL_RCC_GetSysClockFreq  stm32f4xx_hal_rcc.o
    0x0800106c   0x0800106c   0x0000036c   Code   RO         4433    i.HAL_RCC_OscConfig  stm32f4xx_hal_rcc.o
    0x080013d8   0x080013d8   0x00000028   Code   RO          977    i.HAL_SYSTICK_Config  stm32f4xx_hal_cortex.o
    0x08001400   0x08001400   0x00000064   Code   RO         7101    i.HAL_UART_Init     stm32f4xx_hal_uart.o
    0x08001464   0x08001464   0x00000090   Code   RO        10108    i.HAL_UART_MspInit  usart.o
    0x080014f4   0x080014f4   0x000000a0   Code   RO         7109    i.HAL_UART_Transmit  stm32f4xx_hal_uart.o
    0x08001594   0x08001594   0x00000002   Code   RO        10227    i.HardFault_Handler  stm32f4xx_it.o
    0x08001596   0x08001596   0x00000002   Code   RO        10228    i.MemManage_Handler  stm32f4xx_it.o
    0x08001598   0x08001598   0x00000002   Code   RO        10229    i.NMI_Handler       stm32f4xx_it.o
    0x0800159a   0x0800159a   0x00000014   Code   RO        10230    i.SysTick_Handler   stm32f4xx_it.o
    0x080015ae   0x080015ae   0x00000002   PAD
    0x080015b0   0x080015b0   0x0000009c   Code   RO        10011    i.SystemClock_Config  delay.o
    0x0800164c   0x0800164c   0x00000010   Code   RO           14    i.SystemInit        system_stm32f4xx.o
    0x0800165c   0x0800165c   0x00000040   Code   RO        10291    i.Task_Init         task_init.o
    0x0800169c   0x0800169c   0x0000004e   Code   RO         7124    i.UART_EndRxTransfer  stm32f4xx_hal_uart.o
    0x080016ea   0x080016ea   0x00000002   PAD
    0x080016ec   0x080016ec   0x0000010c   Code   RO         7127    i.UART_SetConfig    stm32f4xx_hal_uart.o
    0x080017f8   0x080017f8   0x00000072   Code   RO         7130    i.UART_WaitOnFlagUntilTimeout  stm32f4xx_hal_uart.o
    0x0800186a   0x0800186a   0x00000002   PAD
    0x0800186c   0x0800186c   0x00000014   Code   RO        10109    i.USART1_IRQHandler  usart.o
    0x08001880   0x08001880   0x00000002   Code   RO        10231    i.UsageFault_Handler  stm32f4xx_it.o
    0x08001882   0x08001882   0x00000002   PAD
    0x08001884   0x08001884   0x00000024   Code   RO        10332    i.UsartTask         task_uart.o
    0x080018a8   0x080018a8   0x00000010   Code   RO        10359    i.WatchDog_Callback  xtimer.o
    0x080018b8   0x080018b8   0x00000034   Code   RO        10401    i.__0vsnprintf      mc_w.l(printfa.o)
    0x080018ec   0x080018ec   0x00000020   Code   RO          979    i.__NVIC_SetPriority  stm32f4xx_hal_cortex.o
    0x0800190c   0x0800190c   0x0000000e   Code   RO        10469    i.__scatterload_copy  mc_w.l(handlers.o)
    0x0800191a   0x0800191a   0x00000002   Code   RO        10470    i.__scatterload_null  mc_w.l(handlers.o)
    0x0800191c   0x0800191c   0x0000000e   Code   RO        10471    i.__scatterload_zeroinit  mc_w.l(handlers.o)
    0x0800192a   0x0800192a   0x00000002   PAD
    0x0800192c   0x0800192c   0x00000184   Code   RO        10403    i._fp_digits        mc_w.l(printfa.o)
    0x08001ab0   0x08001ab0   0x000006b4   Code   RO        10404    i._printf_core      mc_w.l(printfa.o)
    0x08002164   0x08002164   0x00000024   Code   RO        10405    i._printf_post_padding  mc_w.l(printfa.o)
    0x08002188   0x08002188   0x0000002e   Code   RO        10406    i._printf_pre_padding  mc_w.l(printfa.o)
    0x080021b6   0x080021b6   0x00000016   Code   RO        10407    i._snputc           mc_w.l(printfa.o)
    0x080021cc   0x080021cc   0x00000030   Code   RO        10110    i.debug             usart.o
    0x080021fc   0x080021fc   0x00000034   Code   RO         9243    i.eTaskConfirmSleepModeStatus  tasks.o
    0x08002230   0x08002230   0x0000002c   Code   RO        10197    i.main              main.o
    0x0800225c   0x0800225c   0x00000090   Code   RO         9246    i.prvAddCurrentTaskToDelayedList  tasks.o
    0x080022ec   0x080022ec   0x000000f4   Code   RO         9247    i.prvAddNewTaskToReadyList  tasks.o
    0x080023e0   0x080023e0   0x00000040   Code   RO         9662    i.prvCheckForValidListAndQueue  timers.o
    0x08002420   0x08002420   0x00000026   Code   RO         8837    i.prvCopyDataFromQueue  queue.o
    0x08002446   0x08002446   0x0000006c   Code   RO         8838    i.prvCopyDataToQueue  queue.o
    0x080024b2   0x080024b2   0x00000014   Code   RO         9248    i.prvDeleteTCB      tasks.o
    0x080024c6   0x080024c6   0x00000002   PAD
    0x080024c8   0x080024c8   0x00000034   Code   RO         9249    i.prvGetExpectedIdleTime  tasks.o
    0x080024fc   0x080024fc   0x00000044   Code   RO         9937    i.prvHeapInit       heap_4.o
    0x08002540   0x08002540   0x00000090   Code   RO         9250    i.prvIdleTask       tasks.o
    0x080025d0   0x080025d0   0x000000a6   Code   RO         9251    i.prvInitialiseNewTask  tasks.o
    0x08002676   0x08002676   0x00000002   PAD
    0x08002678   0x08002678   0x0000004c   Code   RO         9938    i.prvInsertBlockIntoFreeList  heap_4.o
    0x080026c4   0x080026c4   0x00000038   Code   RO         9663    i.prvInsertTimerInActiveList  timers.o
    0x080026fc   0x080026fc   0x0000001c   Code   RO         8839    i.prvIsQueueEmpty   queue.o
    0x08002718   0x08002718   0x00000088   Code   RO         8840    i.prvNotifyQueueSetContainer  queue.o
    0x080027a0   0x080027a0   0x00000040   Code   RO         9664    i.prvProcessExpiredTimer  timers.o
    0x080027e0   0x080027e0   0x000000f4   Code   RO         9665    i.prvProcessReceivedCommands  timers.o
    0x080028d4   0x080028d4   0x0000006c   Code   RO         9666    i.prvProcessTimerOrBlockTask  timers.o
    0x08002940   0x08002940   0x00000028   Code   RO         9667    i.prvReloadTimer    timers.o
    0x08002968   0x08002968   0x0000001c   Code   RO         9253    i.prvResetNextTaskUnblockTime  tasks.o
    0x08002984   0x08002984   0x00000048   Code   RO         9668    i.prvSampleTimeNow  timers.o
    0x080029cc   0x080029cc   0x00000028   Code   RO         9843    i.prvTaskExitError  port.o
    0x080029f4   0x080029f4   0x00000024   Code   RO         9669    i.prvTimerTask      timers.o
    0x08002a18   0x08002a18   0x00000076   Code   RO         8841    i.prvUnlockQueue    queue.o
    0x08002a8e   0x08002a8e   0x00000002   PAD
    0x08002a90   0x08002a90   0x000000c0   Code   RO         9940    i.pvPortMalloc      heap_4.o
    0x08002b50   0x08002b50   0x0000002c   Code   RO         9844    i.pxPortInitialiseStack  port.o
    0x08002b7c   0x08002b7c   0x00000026   Code   RO         8786    i.uxListRemove      list.o
    0x08002ba2   0x08002ba2   0x00000002   PAD
    0x08002ba4   0x08002ba4   0x0000000c   Code   RO         9260    i.uxTaskGetNumberOfTasks  tasks.o
    0x08002bb0   0x08002bb0   0x00000016   Code   RO         8787    i.vListInitialise   list.o
    0x08002bc6   0x08002bc6   0x00000006   Code   RO         8788    i.vListInitialiseItem  list.o
    0x08002bcc   0x08002bcc   0x00000030   Code   RO         8789    i.vListInsert       list.o
    0x08002bfc   0x08002bfc   0x00000018   Code   RO         8790    i.vListInsertEnd    list.o
    0x08002c14   0x08002c14   0x00000040   Code   RO         9846    i.vPortEnterCritical  port.o
    0x08002c54   0x08002c54   0x00000028   Code   RO         9847    i.vPortExitCritical  port.o
    0x08002c7c   0x08002c7c   0x00000064   Code   RO         9941    i.vPortFree         heap_4.o
    0x08002ce0   0x08002ce0   0x00000048   Code   RO         9848    i.vPortSetupTimerInterrupt  port.o
    0x08002d28   0x08002d28   0x000000d8   Code   RO         9849    i.vPortSuppressTicksAndSleep  port.o
    0x08002e00   0x08002e00   0x00000054   Code   RO         9850    i.vPortValidateInterruptPriority  port.o
    0x08002e54   0x08002e54   0x00000044   Code   RO         8849    i.vQueueWaitForMessageRestricted  queue.o
    0x08002e98   0x08002e98   0x0000004c   Code   RO         9268    i.vTaskDelay        tasks.o
    0x08002ee4   0x08002ee4   0x000000b4   Code   RO         9269    i.vTaskDelete       tasks.o
    0x08002f98   0x08002f98   0x00000010   Code   RO         9273    i.vTaskInternalSetTimeOutState  tasks.o
    0x08002fa8   0x08002fa8   0x0000000c   Code   RO         9274    i.vTaskMissedYield  tasks.o
    0x08002fb4   0x08002fb4   0x00000030   Code   RO         9275    i.vTaskPlaceOnEventList  tasks.o
    0x08002fe4   0x08002fe4   0x00000050   Code   RO         9276    i.vTaskPlaceOnEventListRestricted  tasks.o
    0x08003034   0x08003034   0x00000070   Code   RO         9284    i.vTaskStartScheduler  tasks.o
    0x080030a4   0x080030a4   0x0000006c   Code   RO         9285    i.vTaskStepTick     tasks.o
    0x08003110   0x08003110   0x00000010   Code   RO         9287    i.vTaskSuspendAll   tasks.o
    0x08003120   0x08003120   0x0000005c   Code   RO         9288    i.vTaskSwitchContext  tasks.o
    0x0800317c   0x0800317c   0x000000f4   Code   RO         9851    i.xPortStartScheduler  port.o
    0x08003270   0x08003270   0x0000002c   Code   RO         9852    i.xPortSysTickHandler  port.o
    0x0800329c   0x0800329c   0x00000062   Code   RO         8854    i.xQueueGenericCreate  queue.o
    0x080032fe   0x080032fe   0x00000002   PAD
    0x08003300   0x08003300   0x000000b0   Code   RO         8855    i.xQueueGenericReset  queue.o
    0x080033b0   0x080033b0   0x00000178   Code   RO         8856    i.xQueueGenericSend  queue.o
    0x08003528   0x08003528   0x000000f2   Code   RO         8857    i.xQueueGenericSendFromISR  queue.o
    0x0800361a   0x0800361a   0x00000002   PAD
    0x0800361c   0x0800361c   0x00000138   Code   RO         8866    i.xQueueReceive     queue.o
    0x08003754   0x08003754   0x0000008c   Code   RO         9291    i.xTaskCheckForTimeOut  tasks.o
    0x080037e0   0x080037e0   0x0000005c   Code   RO         9292    i.xTaskCreate       tasks.o
    0x0800383c   0x0800383c   0x0000001c   Code   RO         9301    i.xTaskGetSchedulerState  tasks.o
    0x08003858   0x08003858   0x0000000c   Code   RO         9302    i.xTaskGetTickCount  tasks.o
    0x08003864   0x08003864   0x00000138   Code   RO         9304    i.xTaskIncrementTick  tasks.o
    0x0800399c   0x0800399c   0x000000b8   Code   RO         9305    i.xTaskPriorityDisinherit  tasks.o
    0x08003a54   0x08003a54   0x000000e0   Code   RO         9307    i.xTaskRemoveFromEventList  tasks.o
    0x08003b34   0x08003b34   0x0000012c   Code   RO         9308    i.xTaskResumeAll    tasks.o
    0x08003c60   0x08003c60   0x00000062   Code   RO         9676    i.xTimerCreate      timers.o
    0x08003cc2   0x08003cc2   0x00000002   PAD
    0x08003cc4   0x08003cc4   0x0000004c   Code   RO         9677    i.xTimerCreateTimerTask  timers.o
    0x08003d10   0x08003d10   0x00000068   Code   RO         9678    i.xTimerGenericCommand  timers.o
    0x08003d78   0x08003d78   0x00000010   Data   RO           15    .constdata          system_stm32f4xx.o
    0x08003d88   0x08003d88   0x00000008   Data   RO           16    .constdata          system_stm32f4xx.o
    0x08003d90   0x08003d90   0x00000008   Data   RO         1636    .constdata          stm32f4xx_hal_dma.o
    0x08003d98   0x08003d98   0x00000017   Data   RO        10292    .conststring        task_init.o
    0x08003daf   0x08003daf   0x00000001   PAD
    0x08003db0   0x08003db0   0x00000020   Data   RO        10467    Region$$Table       anon$$obj.o


    Execution Region RW_IRAM1 (Exec base: 0x20000000, Load base: 0x08003dd0, Size: 0x000096d0, Max: 0x00020000, ABSOLUTE)

    Exec Addr    Load Addr    Size         Type   Attr      Idx    E Section Name        Object

    0x20000000   0x08003dd0   0x00000004   Data   RW           17    .data               system_stm32f4xx.o
    0x20000004   0x08003dd4   0x0000000c   Data   RW          270    .data               stm32f4xx_hal.o
    0x20000010   0x08003de0   0x00000040   Data   RW         9311    .data               tasks.o
    0x20000050   0x08003e20   0x00000014   Data   RW         9687    .data               timers.o
    0x20000064   0x08003e34   0x00000018   Data   RW         9853    .data               port.o
    0x2000007c   0x08003e4c   0x0000001c   Data   RW         9947    .data               heap_4.o
    0x20000098   0x08003e68   0x00000038   Data   RW        10293    .data               task_init.o
    0x200000d0        -       0x0000012c   Zero   RW         9310    .bss                tasks.o
    0x200001fc        -       0x00000028   Zero   RW         9686    .bss                timers.o
    0x20000224        -       0x00008c00   Zero   RW         9946    .bss                heap_4.o
    0x20008e24        -       0x000000a8   Zero   RW        10111    .bss                usart.o
    0x20008ecc   0x08003ea0   0x00000004   PAD
    0x20008ed0        -       0x00000800   Zero   RW            1    STACK               startup_stm32f407xx.o


==============================================================================

Image component sizes


      Code (inc. data)   RO Data    RW Data    ZI Data      Debug   Object Name

         0          0          0          0          0      14404   croutine.o
       156         14          0          0          0       1037   delay.o
         0          0          0          0          0      17204   event_groups.o
       108         10          0          0          0        938   gpio.o
       436         22          0         28      35840       5343   heap_4.o
       138          0          0          0          0       3442   list.o
        44         16          0          0          0        799   main.o
      1038         96          0         24          0      13054   port.o
      1700         12          0          0          0      17115   queue.o
        36          8        392          0       2048        968   startup_stm32f407xx.o
       170         28          0         12          0      10100   stm32f4xx_hal.o
       198         14          0          0          0      34095   stm32f4xx_hal_cortex.o
       434         12          8          0          0       3736   stm32f4xx_hal_dma.o
       506         46          0          0          0       2252   stm32f4xx_hal_gpio.o
      1344         72          0          0          0       5360   stm32f4xx_hal_rcc.o
       720         10          0          0          0       4956   stm32f4xx_hal_uart.o
        60          6          0          0          0       3855   stm32f4xx_it.o
        16          4         24          4          0     659011   system_stm32f4xx.o
       172         32         23         56          0       2543   task_init.o
        36         12          0          0          0        532   task_uart.o
      2894        210          0         64        300      31899   tasks.o
       962         78          0         20         40      28240   timers.o
       378         40          0          0        168       4753   usart.o
        16          4          0          0          0        500   xtimer.o

    ----------------------------------------------------------------------
     11596        746        480        208      38400     866136   Object Totals
         0          0         32          0          0          0   (incl. Generated)
        34          0          1          0          4          0   (incl. Padding)

    ----------------------------------------------------------------------

      Code (inc. data)   RO Data    RW Data    ZI Data      Debug   Library Member Name

         0          0          0          0          0          0   entry.o
         0          0          0          0          0          0   entry10a.o
         0          0          0          0          0          0   entry11a.o
         4          0          0          0          0          0   entry12b.o
         8          4          0          0          0          0   entry2.o
         4          0          0          0          0          0   entry5.o
         0          0          0          0          0          0   entry7b.o
         0          0          0          0          0          0   entry8b.o
         8          4          0          0          0          0   entry9a.o
        30          0          0          0          0          0   handlers.o
        36          8          0          0          0         68   init.o
         0          0          0          0          0          0   iusefp.o
        30          0          0          0          0         68   llshl.o
        36          0          0          0          0         68   llsshr.o
        32          0          0          0          0         68   llushr.o
        36          0          0          0          0         68   memcpya.o
        36          0          0          0          0        108   memseta.o
      2260         86          0          0          0        528   printfa.o
        14          0          0          0          0         68   strlen.o
        44          0          0          0          0         80   uidiv.o
        98          0          0          0          0         92   uldiv.o
        48          0          0          0          0         68   cdrcmple.o
       334          0          0          0          0        148   dadd.o
       222          0          0          0          0        100   ddiv.o
       186          0          0          0          0        176   depilogue.o
        48          0          0          0          0         68   dfixul.o
       228          0          0          0          0         96   dmul.o

    ----------------------------------------------------------------------
      3748        102          0          0          0       1872   Library Totals
         6          0          0          0          0          0   (incl. Padding)

    ----------------------------------------------------------------------

      Code (inc. data)   RO Data    RW Data    ZI Data      Debug   Library Name

      2676        102          0          0          0       1216   mc_w.l
      1066          0          0          0          0        656   mf_w.l

    ----------------------------------------------------------------------
      3748        102          0          0          0       1872   Library Totals

    ----------------------------------------------------------------------

==============================================================================


      Code (inc. data)   RO Data    RW Data    ZI Data      Debug   

     15344        848        480        208      38400     856276   Grand Totals
     15344        848        480        208      38400     856276   ELF Image Totals
     15344        848        480        208          0          0   ROM Totals

==============================================================================

    Total RO  Size (Code + RO Data)                15824 (  15.45kB)
    Total RW  Size (RW Data + ZI Data)             38608 (  37.70kB)
    Total ROM Size (Code + RO Data + RW Data)      16032 (  15.66kB)

==============================================================================

